     VMA      LMA     Size Align Out     In      Symbol
       0        0 80200000     1 . = 0x80200000
80200000 80200000      3c6     4 .text
80200000 80200000       10     2         /var/folders/y1/v4kxn_zn7sxbdj8x6p6hsc280000gn/T/kernel-cc8d40.o:(.text.boot)
80200000 80200000        0     1                 .L0 
80200000 80200000        0     1                 .L0 
80200000 80200000        0     1                 .Lpcrel_hi0
80200000 80200000        0     1                 $x
80200000 80200000        0     1                 .L0 
80200000 80200000       10     1                 boot
8020000a 8020000a        0     1                 .Ltmp0
80200010 80200010        0     1                 .L0 
80200010 80200010        0     1                 .L0 
80200010 80200010      1fa     4         /var/folders/y1/v4kxn_zn7sxbdj8x6p6hsc280000gn/T/kernel-cc8d40.o:(.text)
80200010 80200010        0     1                 .L0 
80200010 80200010        0     1                 .L0 
80200010 80200010        0     1                 $x
80200010 80200010        0     1                 .L0 
80200010 80200010        6     1                 sbi_call
80200014 80200014        0     1                 .L0 
80200016 80200016        0     1                 .L0 
80200016 80200016        0     1                 .L0 
80200016 80200016        0     1                 .L0 
80200016 80200016       14     1                 putchar
80200028 80200028        0     1                 .L0 
8020002c 8020002c        0     1                 .L0 
8020002c 8020002c        0     1                 .L0 
8020002c 8020002c        0     1                 .L0 
8020002c 8020002c       90     1                 kernel_entry
802000bc 802000bc        0     1                 .L0 
802000bc 802000bc        0     1                 .L0 
802000bc 802000bc        0     1                 .L0 
802000bc 802000bc        0     1                 .L0 
802000bc 802000bc        0     1                 .L0 
802000bc 802000bc       4e     1                 alloc_pages
802000c2 802000c2        0     1                 .L0 
802000c2 802000c2        0     1                 .L0 
802000ca 802000ca        0     1                 .L0 
802000ca 802000ca        0     1                 .L0 
802000ce 802000ce        0     1                 .L0 
802000d2 802000d2        0     1                 .L0 
802000d2 802000d2        0     1                 .L0 
802000da 802000da        0     1                 .L0 
802000de 802000de        0     1                 .L0 
802000e2 802000e2        0     1                 .L0 
802000f8 802000f8        0     1                 .L0 
802000f8 802000f8        0     1                 .L0 
802000fa 802000fa        0     1                 .L0 
802000fa 802000fa        0     1                 .L0 
80200100 80200100        0     1                 .L0 
80200100 80200100        0     1                 .L0 
80200102 80200102        0     1                 .L0 
80200106 80200106        0     1                 .L0 
80200106 80200106        0     1                 .L0 
8020010a 8020010a        0     1                 .L0 
8020010a 8020010a        0     1                 .L0 
8020010a 8020010a        0     1                 .L0 
8020010a 8020010a        0     1                 .L0 
8020010a 8020010a        0     1                 .L0 
8020010a 8020010a       42     1                 handle_trap
80200110 80200110        0     1                 .L0 
80200110 80200110        0     1                 .L0 
80200110 80200110        0     1                 .L0 
80200114 80200114        0     1                 .L0 
80200114 80200114        0     1                 .L0 
80200118 80200118        0     1                 .L0 
80200118 80200118        0     1                 .L0 
8020011a 8020011a        0     1                 .L0 
8020011a 8020011a        0     1                 .L0 
8020011e 8020011e        0     1                 .L0 
8020011e 8020011e        0     1                 .L0 
80200122 80200122        0     1                 .L0 
80200122 80200122        0     1                 .L0 
80200124 80200124        0     1                 .L0 
80200124 80200124        0     1                 .L0 
80200126 80200126        0     1                 .L0 
80200126 80200126        0     1                 .L0 
8020012a 8020012a        0     1                 .L0 
8020012e 8020012e        0     1                 .L0 
8020012e 8020012e        0     1                 .L0 
80200132 80200132        0     1                 .L0 
80200132 80200132        0     1                 .L0 
80200132 80200132        0     1                 .L0 
80200136 80200136        0     1                 .L0 
8020014a 8020014a        0     1                 .L0 
8020014a 8020014a        0     1                 .L0 
8020014c 8020014c        0     1                 .L0 
8020014c 8020014c        0     1                 .L0 
8020014c 8020014c        0     1                 .L0 
8020014c 8020014c        0     1                 .L0 
8020014c 8020014c        0     1                 .L0 
8020014c 8020014c       be     1                 kernel_main
80200158 80200158        0     1                 .L0 
8020016e 8020016e        0     1                 .L0 
8020016e 8020016e        0     1                 .L0 
80200176 80200176        0     1                 .L0 
80200176 80200176        0     1                 .L0 
80200178 80200178        0     1                 .L0 
8020017a 8020017a        0     1                 .L0 
80200182 80200182        0     1                 .L0 
80200186 80200186        0     1                 .L0 
8020018a 8020018a        0     1                 .L0 
802001a0 802001a0        0     1                 .L0 
802001a0 802001a0        0     1                 .L0 
802001a2 802001a2        0     1                 .L0 
802001a2 802001a2        0     1                 .L0 
802001aa 802001aa        0     1                 .L0 
802001aa 802001aa        0     1                 .L0 
802001ae 802001ae        0     1                 .L0 
802001ae 802001ae        0     1                 .L0 
802001b0 802001b0        0     1                 .L0 
802001b6 802001b6        0     1                 .L0 
802001ba 802001ba        0     1                 .L0 
802001ba 802001ba        0     1                 .L0 
802001d0 802001d0        0     1                 .L0 
802001d0 802001d0        0     1                 .L0 
802001d2 802001d2        0     1                 .L0 
802001d2 802001d2        0     1                 .L0 
802001da 802001da        0     1                 .L0 
802001da 802001da        0     1                 .L0 
802001e6 802001e6        0     1                 .L0 
802001e6 802001e6        0     1                 .L0 
802001f2 802001f2        0     1                 .L0 
802001f2 802001f2        0     1                 .L0 
80200208 80200208        0     1                 .L0 
80200208 80200208        0     1                 .L0 
8020020a 8020020a        0     1                 .L0 
8020020a 8020020a        0     1                 .L0 
8020020a 8020020a      1bc     2         /var/folders/y1/v4kxn_zn7sxbdj8x6p6hsc280000gn/T/common-74d578.o:(.text)
8020020a 8020020a        0     1                 .L0 
8020020a 8020020a        0     1                 .L0 
8020020a 8020020a        0     1                 $x
8020020a 8020020a        0     1                 .L0 
8020020a 8020020a      1a4     1                 printf
80200226 80200226        0     1                 .L0 
80200250 80200250        0     1                 .L0 
80200260 80200260        0     1                 .L0 
80200260 80200260        0     1                 .L0 
80200264 80200264        0     1                 .L0 
80200264 80200264        0     1                 .L0 
80200266 80200266        0     1                 .L0 
80200266 80200266        0     1                 .L0 
8020026a 8020026a        0     1                 .L0 
80200272 80200272        0     1                 .L0 
80200272 80200272        0     1                 .L0 
80200274 80200274        0     1                 .L0 
80200274 80200274        0     1                 .L0 
80200276 80200276        0     1                 .L0 
80200278 80200278        0     1                 .L0 
80200278 80200278        0     1                 .L0 
8020027c 8020027c        0     1                 .L0 
8020027e 8020027e        0     1                 .L0 
8020028e 8020028e        0     1                 .L0 
8020028e 8020028e        0     1                 .L0 
8020029a 8020029a        0     1                 .L0 
8020029a 8020029a        0     1                 .L0 
8020029e 8020029e        0     1                 .L0 
8020029e 8020029e        0     1                 .L0 
802002a0 802002a0        0     1                 .L0 
802002a6 802002a6        0     1                 .L0 
802002a6 802002a6        0     1                 .L0 
802002a6 802002a6        0     1                 .L0 
802002ae 802002ae        0     1                 .L0 
802002ae 802002ae        0     1                 .L0 
802002b8 802002b8        0     1                 .L0 
802002b8 802002b8        0     1                 .L0 
802002bc 802002bc        0     1                 .L0 
802002bc 802002bc        0     1                 .L0 
802002be 802002be        0     1                 .L0 
802002c2 802002c2        0     1                 .L0 
802002c4 802002c4        0     1                 .L0 
802002c4 802002c4        0     1                 .L0 
802002ca 802002ca        0     1                 .L0 
802002ca 802002ca        0     1                 .L0 
802002cc 802002cc        0     1                 .L0 
802002d0 802002d0        0     1                 .L0 
802002d2 802002d2        0     1                 .L0 
802002d2 802002d2        0     1                 .L0 
802002d8 802002d8        0     1                 .L0 
802002d8 802002d8        0     1                 .L0 
802002da 802002da        0     1                 .L0 
802002de 802002de        0     1                 .L0 
802002e0 802002e0        0     1                 .L0 
802002e0 802002e0        0     1                 .L0 
802002e6 802002e6        0     1                 .L0 
802002e6 802002e6        0     1                 .L0 
802002e8 802002e8        0     1                 .L0 
802002ec 802002ec        0     1                 .L0 
802002ee 802002ee        0     1                 .L0 
802002ee 802002ee        0     1                 .L0 
802002f4 802002f4        0     1                 .L0 
802002f4 802002f4        0     1                 .L0 
802002f6 802002f6        0     1                 .L0 
802002fa 802002fa        0     1                 .L0 
802002fc 802002fc        0     1                 .L0 
802002fc 802002fc        0     1                 .L0 
80200302 80200302        0     1                 .L0 
80200302 80200302        0     1                 .L0 
80200304 80200304        0     1                 .L0 
80200308 80200308        0     1                 .L0 
8020030a 8020030a        0     1                 .L0 
8020030a 8020030a        0     1                 .L0 
80200310 80200310        0     1                 .L0 
80200310 80200310        0     1                 .L0 
80200312 80200312        0     1                 .L0 
80200316 80200316        0     1                 .L0 
80200318 80200318        0     1                 .L0 
80200318 80200318        0     1                 .L0 
8020031a 8020031a        0     1                 .L0 
8020031a 8020031a        0     1                 .L0 
8020031c 8020031c        0     1                 .L0 
80200320 80200320        0     1                 .L0 
80200320 80200320        0     1                 .L0 
80200322 80200322        0     1                 .L0 
80200322 80200322        0     1                 .L0 
80200324 80200324        0     1                 .L0 
80200326 80200326        0     1                 .L0 
80200326 80200326        0     1                 .L0 
80200326 80200326        0     1                 .L0 
80200330 80200330        0     1                 .L0 
80200330 80200330        0     1                 .L0 
80200334 80200334        0     1                 .L0 
8020033a 8020033a        0     1                 .L0 
8020033a 8020033a        0     1                 .L0 
8020033a 8020033a        0     1                 .L0 
80200340 80200340        0     1                 .L0 
80200340 80200340        0     1                 .L0 
80200344 80200344        0     1                 .L0 
80200346 80200346        0     1                 .L0 
8020034a 8020034a        0     1                 .L0 
8020034a 8020034a        0     1                 .L0 
8020034a 8020034a        0     1                 .L0 
80200350 80200350        0     1                 .L0 
80200350 80200350        0     1                 .L0 
80200354 80200354        0     1                 .L0 
80200354 80200354        0     1                 .L0 
80200356 80200356        0     1                 .L0 
8020035a 8020035a        0     1                 .L0 
8020035a 8020035a        0     1                 .L0 
8020035a 8020035a        0     1                 .L0 
8020035e 8020035e        0     1                 .L0 
80200362 80200362        0     1                 .L0 
80200366 80200366        0     1                 .L0 
80200366 80200366        0     1                 .L0 
80200366 80200366        0     1                 .L0 
80200368 80200368        0     1                 .L0 
80200368 80200368        0     1                 .L0 
8020036c 8020036c        0     1                 .L0 
80200370 80200370        0     1                 .L0 
80200376 80200376        0     1                 .L0 
80200376 80200376        0     1                 .L0 
8020037e 8020037e        0     1                 .L0 
80200384 80200384        0     1                 .L0 
80200384 80200384        0     1                 .L0 
8020038a 8020038a        0     1                 .L0 
8020038a 8020038a        0     1                 .L0 
8020038a 8020038a        0     1                 .L0 
80200390 80200390        0     1                 .L0 
80200390 80200390        0     1                 .L0 
80200390 80200390        0     1                 .L0 
80200394 80200394        0     1                 .L0 
802003aa 802003aa        0     1                 .L0 
802003ae 802003ae        0     1                 .L0 
802003ae 802003ae        0     1                 .L0 
802003ae 802003ae        0     1                 .L0 
802003ae 802003ae        0     1                 .L0 
802003ae 802003ae        0     1                 .L0 
802003ae 802003ae       16     1                 memset
802003b2 802003b2        0     1                 .L0 
802003b2 802003b2        0     1                 .L0 
802003b4 802003b4        0     1                 .L0 
802003b4 802003b4        0     1                 .L0 
802003b4 802003b4        0     1                 .L0 
802003b8 802003b8        0     1                 .L0 
802003b8 802003b8        0     1                 .L0 
802003be 802003be        0     1                 .L0 
802003be 802003be        0     1                 .L0 
802003c2 802003c2        0     1                 .L0 
802003c2 802003c2        0     1                 .L0 
802003c2 802003c2        0     1                 .L0 
802003c4 802003c4        0     1                 .L0 
802003c4 802003c4        0     1                 .L0 
802003c4 802003c4        0     1                 .L0 
802003c4 802003c4        0     1                 .L0 
802003c4 802003c4        0     1                 .L0 
802003c4 802003c4        2     1                 handle_syscall
802003c6 802003c6        0     1                 .L0 
802003c6 802003c6       c5     1 .rodata
802003c6 802003c6       c5     1         <internal>:(.rodata.str1.1)
8020048c 8020048c        4     4 .data
8020048c 8020048c        4     4         /var/folders/y1/v4kxn_zn7sxbdj8x6p6hsc280000gn/T/kernel-cc8d40.o:(.data)
8020048c 8020048c        4     1                 alloc_pages.next_paddr
8020048c 8020048c        0     1                 $d
80200490 80200490        0     1 .bss
80200490 80200490        0     1         bss = .
80200490 80200490        0     1         bss_end = .
80200490 80200490        0     1 . = ALIGN(16)
80200490 80200490        0     1 __stack_top = . + 0x10000
80200490 80200490      b70     1 . = ALIGN(4096)
80201000 80201000        0     1 __free_ram = .
80201000 80201000  4000000     1 . += 64 * 1024 * 1024
84201000 84201000        0     1 __free_ram_end = .
       0        0      246     1 .debug_loclists
       0        0       f0     1         /var/folders/y1/v4kxn_zn7sxbdj8x6p6hsc280000gn/T/kernel-cc8d40.o:(.debug_loclists)
       0        0        0     1                 $d
       c        c        0     1                 .L0 
      f0       f0      156     1         /var/folders/y1/v4kxn_zn7sxbdj8x6p6hsc280000gn/T/common-74d578.o:(.debug_loclists)
      f0       f0        0     1                 $d
      fc       fc        0     1                 .L0 
       0        0      309     1 .debug_abbrev
       0        0      1c5     1         /var/folders/y1/v4kxn_zn7sxbdj8x6p6hsc280000gn/T/kernel-cc8d40.o:(.debug_abbrev)
       0        0        0     1                 $d
     1c5      1c5      144     1         /var/folders/y1/v4kxn_zn7sxbdj8x6p6hsc280000gn/T/common-74d578.o:(.debug_abbrev)
     1c5      1c5        0     1                 $d
       0        0      7e5     1 .debug_info
       0        0      51f     1         /var/folders/y1/v4kxn_zn7sxbdj8x6p6hsc280000gn/T/kernel-cc8d40.o:(.debug_info)
       0        0        0     1                 $d
     51f      51f      2c6     1         /var/folders/y1/v4kxn_zn7sxbdj8x6p6hsc280000gn/T/common-74d578.o:(.debug_info)
     51f      51f        0     1                 $d
       0        0       3a     1 .debug_rnglists
       0        0       1f     1         /var/folders/y1/v4kxn_zn7sxbdj8x6p6hsc280000gn/T/kernel-cc8d40.o:(.debug_rnglists)
       0        0        0     1                 $d
       c        c        0     1                 .L0 
      1f       1f       1b     1         /var/folders/y1/v4kxn_zn7sxbdj8x6p6hsc280000gn/T/common-74d578.o:(.debug_rnglists)
      1f       1f        0     1                 $d
      2b       2b        0     1                 .L0 
       0        0      230     1 .debug_str_offsets
       0        0      138     1         /var/folders/y1/v4kxn_zn7sxbdj8x6p6hsc280000gn/T/kernel-cc8d40.o:(.debug_str_offsets)
       0        0        0     1                 $d
       8        8        0     1                 .L0 
     138      138       f8     1         /var/folders/y1/v4kxn_zn7sxbdj8x6p6hsc280000gn/T/common-74d578.o:(.debug_str_offsets)
     138      138        0     1                 $d
     140      140        0     1                 .L0 
       0        0      241     1 .debug_str
       0        0      241     1         <internal>:(.debug_str)
       0        0       d8     1 .debug_addr
       0        0       80     1         /var/folders/y1/v4kxn_zn7sxbdj8x6p6hsc280000gn/T/kernel-cc8d40.o:(.debug_addr)
       0        0        0     1                 $d
       8        8        0     1                 .L0 
      80       80       58     1         /var/folders/y1/v4kxn_zn7sxbdj8x6p6hsc280000gn/T/common-74d578.o:(.debug_addr)
      80       80        0     1                 $d
      88       88        0     1                 .L0 
       0        0       3b     1 .comment
       0        0       3b     1         <internal>:(.comment)
       0        0       47     1 .riscv.attributes
       0        0       47     1         <internal>:(.riscv.attributes)
       0        0      130     4 .debug_frame
       0        0       b8     4         /var/folders/y1/v4kxn_zn7sxbdj8x6p6hsc280000gn/T/kernel-cc8d40.o:(.debug_frame)
       0        0        0     1                 .L0 
       0        0        0     1                 $d
      b8       b8       78     4         /var/folders/y1/v4kxn_zn7sxbdj8x6p6hsc280000gn/T/common-74d578.o:(.debug_frame)
      b8       b8        0     1                 .L0 
      b8       b8        0     1                 $d
       0        0      4da     1 .debug_line
       0        0      214     1         /var/folders/y1/v4kxn_zn7sxbdj8x6p6hsc280000gn/T/kernel-cc8d40.o:(.debug_line)
       0        0        0     1                 .Lline_table_start0
       0        0        0     1                 $d
     214      214      2c6     1         /var/folders/y1/v4kxn_zn7sxbdj8x6p6hsc280000gn/T/common-74d578.o:(.debug_line)
     214      214        0     1                 .Lline_table_start0
     214      214        0     1                 $d
       0        0       4b     1 .debug_line_str
       0        0       4b     1         <internal>:(.debug_line_str)
       0        0      310     4 .symtab
       0        0      310     4         <internal>:(.symtab)
       0        0       dc     1 .shstrtab
       0        0       dc     1         <internal>:(.shstrtab)
       0        0      11a     1 .strtab
       0        0      11a     1         <internal>:(.strtab)
