     VMA      LMA     Size Align Out     In      Symbol
       0        0 80200000     1 . = 0x80200000
80200000 80200000      1ea     2 .text
80200000 80200000       10     2         /var/folders/y1/v4kxn_zn7sxbdj8x6p6hsc280000gn/T/kernel-f80dea.o:(.text.boot)
80200000 80200000        0     1                 .L0 
80200000 80200000        0     1                 .L0 
80200000 80200000        0     1                 .Lpcrel_hi0
80200000 80200000        0     1                 $x
80200000 80200000        0     1                 .L0 
80200000 80200000       10     1                 boot
8020000a 8020000a        0     1                 .Ltmp0
80200010 80200010        0     1                 .L0 
80200010 80200010        0     1                 .L0 
80200010 80200010       36     2         /var/folders/y1/v4kxn_zn7sxbdj8x6p6hsc280000gn/T/kernel-f80dea.o:(.text)
80200010 80200010        0     1                 .L0 
80200010 80200010        0     1                 .L0 
80200010 80200010        0     1                 $x
80200010 80200010        0     1                 .L0 
80200010 80200010        6     1                 sbi_call
80200014 80200014        0     1                 .L0 
80200016 80200016        0     1                 .L0 
80200016 80200016        0     1                 .L0 
80200016 80200016        0     1                 .L0 
80200016 80200016       14     1                 putchar
80200028 80200028        0     1                 .L0 
8020002a 8020002a        0     1                 .L0 
8020002a 8020002a        0     1                 .L0 
8020002a 8020002a        0     1                 .L0 
8020002a 8020002a        0     1                 .L0 
8020002a 8020002a       1c     1                 kernel_main
8020002e 8020002e        0     1                 .L0 
80200040 80200040        0     1                 .L0 
80200040 80200040        0     1                 .L0 
80200040 80200040        0     1                 .L0 
80200044 80200044        0     1                 .L0 
80200046 80200046        0     1                 .L0 
80200046 80200046        0     1                 .L0 
80200046 80200046      1a4     2         /var/folders/y1/v4kxn_zn7sxbdj8x6p6hsc280000gn/T/common-53091f.o:(.text)
80200046 80200046        0     1                 .L0 
80200046 80200046        0     1                 .L0 
80200046 80200046        0     1                 $x
80200046 80200046        0     1                 .L0 
80200046 80200046      1a4     1                 printf
80200062 80200062        0     1                 .L0 
8020008c 8020008c        0     1                 .L0 
8020009c 8020009c        0     1                 .L0 
8020009c 8020009c        0     1                 .L0 
802000a0 802000a0        0     1                 .L0 
802000a0 802000a0        0     1                 .L0 
802000a2 802000a2        0     1                 .L0 
802000a2 802000a2        0     1                 .L0 
802000a6 802000a6        0     1                 .L0 
802000ae 802000ae        0     1                 .L0 
802000ae 802000ae        0     1                 .L0 
802000b0 802000b0        0     1                 .L0 
802000b0 802000b0        0     1                 .L0 
802000b2 802000b2        0     1                 .L0 
802000b4 802000b4        0     1                 .L0 
802000b4 802000b4        0     1                 .L0 
802000b8 802000b8        0     1                 .L0 
802000ba 802000ba        0     1                 .L0 
802000ca 802000ca        0     1                 .L0 
802000ca 802000ca        0     1                 .L0 
802000d6 802000d6        0     1                 .L0 
802000d6 802000d6        0     1                 .L0 
802000da 802000da        0     1                 .L0 
802000da 802000da        0     1                 .L0 
802000dc 802000dc        0     1                 .L0 
802000e2 802000e2        0     1                 .L0 
802000e2 802000e2        0     1                 .L0 
802000e2 802000e2        0     1                 .L0 
802000ea 802000ea        0     1                 .L0 
802000ea 802000ea        0     1                 .L0 
802000f4 802000f4        0     1                 .L0 
802000f4 802000f4        0     1                 .L0 
802000f8 802000f8        0     1                 .L0 
802000f8 802000f8        0     1                 .L0 
802000fa 802000fa        0     1                 .L0 
802000fe 802000fe        0     1                 .L0 
80200100 80200100        0     1                 .L0 
80200100 80200100        0     1                 .L0 
80200106 80200106        0     1                 .L0 
80200106 80200106        0     1                 .L0 
80200108 80200108        0     1                 .L0 
8020010c 8020010c        0     1                 .L0 
8020010e 8020010e        0     1                 .L0 
8020010e 8020010e        0     1                 .L0 
80200114 80200114        0     1                 .L0 
80200114 80200114        0     1                 .L0 
80200116 80200116        0     1                 .L0 
8020011a 8020011a        0     1                 .L0 
8020011c 8020011c        0     1                 .L0 
8020011c 8020011c        0     1                 .L0 
80200122 80200122        0     1                 .L0 
80200122 80200122        0     1                 .L0 
80200124 80200124        0     1                 .L0 
80200128 80200128        0     1                 .L0 
8020012a 8020012a        0     1                 .L0 
8020012a 8020012a        0     1                 .L0 
80200130 80200130        0     1                 .L0 
80200130 80200130        0     1                 .L0 
80200132 80200132        0     1                 .L0 
80200136 80200136        0     1                 .L0 
80200138 80200138        0     1                 .L0 
80200138 80200138        0     1                 .L0 
8020013e 8020013e        0     1                 .L0 
8020013e 8020013e        0     1                 .L0 
80200140 80200140        0     1                 .L0 
80200144 80200144        0     1                 .L0 
80200146 80200146        0     1                 .L0 
80200146 80200146        0     1                 .L0 
8020014c 8020014c        0     1                 .L0 
8020014c 8020014c        0     1                 .L0 
8020014e 8020014e        0     1                 .L0 
80200152 80200152        0     1                 .L0 
80200154 80200154        0     1                 .L0 
80200154 80200154        0     1                 .L0 
80200156 80200156        0     1                 .L0 
80200156 80200156        0     1                 .L0 
80200158 80200158        0     1                 .L0 
8020015c 8020015c        0     1                 .L0 
8020015c 8020015c        0     1                 .L0 
8020015e 8020015e        0     1                 .L0 
8020015e 8020015e        0     1                 .L0 
80200160 80200160        0     1                 .L0 
80200162 80200162        0     1                 .L0 
80200162 80200162        0     1                 .L0 
80200162 80200162        0     1                 .L0 
8020016c 8020016c        0     1                 .L0 
8020016c 8020016c        0     1                 .L0 
80200170 80200170        0     1                 .L0 
80200176 80200176        0     1                 .L0 
80200176 80200176        0     1                 .L0 
80200176 80200176        0     1                 .L0 
8020017c 8020017c        0     1                 .L0 
8020017c 8020017c        0     1                 .L0 
80200180 80200180        0     1                 .L0 
80200182 80200182        0     1                 .L0 
80200186 80200186        0     1                 .L0 
80200186 80200186        0     1                 .L0 
80200186 80200186        0     1                 .L0 
8020018c 8020018c        0     1                 .L0 
8020018c 8020018c        0     1                 .L0 
80200190 80200190        0     1                 .L0 
80200190 80200190        0     1                 .L0 
80200192 80200192        0     1                 .L0 
80200196 80200196        0     1                 .L0 
80200196 80200196        0     1                 .L0 
80200196 80200196        0     1                 .L0 
8020019a 8020019a        0     1                 .L0 
8020019e 8020019e        0     1                 .L0 
802001a2 802001a2        0     1                 .L0 
802001a2 802001a2        0     1                 .L0 
802001a2 802001a2        0     1                 .L0 
802001a4 802001a4        0     1                 .L0 
802001a4 802001a4        0     1                 .L0 
802001a8 802001a8        0     1                 .L0 
802001ac 802001ac        0     1                 .L0 
802001b2 802001b2        0     1                 .L0 
802001b2 802001b2        0     1                 .L0 
802001ba 802001ba        0     1                 .L0 
802001c0 802001c0        0     1                 .L0 
802001c0 802001c0        0     1                 .L0 
802001c6 802001c6        0     1                 .L0 
802001c6 802001c6        0     1                 .L0 
802001c6 802001c6        0     1                 .L0 
802001cc 802001cc        0     1                 .L0 
802001cc 802001cc        0     1                 .L0 
802001cc 802001cc        0     1                 .L0 
802001d0 802001d0        0     1                 .L0 
802001e6 802001e6        0     1                 .L0 
802001ea 802001ea        0     1                 .L0 
802001ea 802001ea        0     1                 .L0 
802001ea 802001ea       3c     1 .rodata
802001ea 802001ea       3c     1         <internal>:(.rodata.str1.1)
80200226 80200226        0     1 .bss
80200226 80200226        0     1         bss = .
80200226 80200226        0     1         bss_end = .
80200226 80200226        a     1 . = ALIGN(16)
80200230 80200230        0     1 __stack_top = . + 0x10000
       0        0      161     1 .debug_loclists
       0        0       3a     1         /var/folders/y1/v4kxn_zn7sxbdj8x6p6hsc280000gn/T/kernel-f80dea.o:(.debug_loclists)
       0        0        0     1                 $d
       c        c        0     1                 .L0 
      3a       3a      127     1         /var/folders/y1/v4kxn_zn7sxbdj8x6p6hsc280000gn/T/common-53091f.o:(.debug_loclists)
      3a       3a        0     1                 $d
      46       46        0     1                 .L0 
       0        0      254     1 .debug_abbrev
       0        0      161     1         /var/folders/y1/v4kxn_zn7sxbdj8x6p6hsc280000gn/T/kernel-f80dea.o:(.debug_abbrev)
       0        0        0     1                 $d
     161      161       f3     1         /var/folders/y1/v4kxn_zn7sxbdj8x6p6hsc280000gn/T/common-53091f.o:(.debug_abbrev)
     161      161        0     1                 $d
       0        0      376     1 .debug_info
       0        0      237     1         /var/folders/y1/v4kxn_zn7sxbdj8x6p6hsc280000gn/T/kernel-f80dea.o:(.debug_info)
       0        0        0     1                 $d
     237      237      13f     1         /var/folders/y1/v4kxn_zn7sxbdj8x6p6hsc280000gn/T/common-53091f.o:(.debug_info)
     237      237        0     1                 $d
       0        0       37     1 .debug_rnglists
       0        0       1c     1         /var/folders/y1/v4kxn_zn7sxbdj8x6p6hsc280000gn/T/kernel-f80dea.o:(.debug_rnglists)
       0        0        0     1                 $d
       c        c        0     1                 .L0 
      1c       1c       1b     1         /var/folders/y1/v4kxn_zn7sxbdj8x6p6hsc280000gn/T/common-53091f.o:(.debug_rnglists)
      1c       1c        0     1                 $d
      28       28        0     1                 .L0 
       0        0       d8     1 .debug_str_offsets
       0        0       84     1         /var/folders/y1/v4kxn_zn7sxbdj8x6p6hsc280000gn/T/kernel-f80dea.o:(.debug_str_offsets)
       0        0        0     1                 $d
       8        8        0     1                 .L0 
      84       84       54     1         /var/folders/y1/v4kxn_zn7sxbdj8x6p6hsc280000gn/T/common-53091f.o:(.debug_str_offsets)
      84       84        0     1                 $d
      8c       8c        0     1                 .L0 
       0        0      13e     1 .debug_str
       0        0      13e     1         <internal>:(.debug_str)
       0        0       74     1 .debug_addr
       0        0       24     1         /var/folders/y1/v4kxn_zn7sxbdj8x6p6hsc280000gn/T/kernel-f80dea.o:(.debug_addr)
       0        0        0     1                 $d
       8        8        0     1                 .L0 
      24       24       50     1         /var/folders/y1/v4kxn_zn7sxbdj8x6p6hsc280000gn/T/common-53091f.o:(.debug_addr)
      24       24        0     1                 $d
      2c       2c        0     1                 .L0 
       0        0       3b     1 .comment
       0        0       3b     1         <internal>:(.comment)
       0        0       47     1 .riscv.attributes
       0        0       47     1         <internal>:(.riscv.attributes)
       0        0       b4     4 .debug_frame
       0        0       5c     4         /var/folders/y1/v4kxn_zn7sxbdj8x6p6hsc280000gn/T/kernel-f80dea.o:(.debug_frame)
       0        0        0     1                 .L0 
       0        0        0     1                 $d
      5c       5c       58     4         /var/folders/y1/v4kxn_zn7sxbdj8x6p6hsc280000gn/T/common-53091f.o:(.debug_frame)
      5c       5c        0     1                 .L0 
      5c       5c        0     1                 $d
       0        0      350     1 .debug_line
       0        0       df     1         /var/folders/y1/v4kxn_zn7sxbdj8x6p6hsc280000gn/T/kernel-f80dea.o:(.debug_line)
       0        0        0     1                 .Lline_table_start0
       0        0        0     1                 $d
      df       df      271     1         /var/folders/y1/v4kxn_zn7sxbdj8x6p6hsc280000gn/T/common-53091f.o:(.debug_line)
      df       df        0     1                 .Lline_table_start0
      df       df        0     1                 $d
       0        0       4b     1 .debug_line_str
       0        0       4b     1         <internal>:(.debug_line_str)
       0        0      280     4 .symtab
       0        0      280     4         <internal>:(.symtab)
       0        0       d6     1 .shstrtab
       0        0       d6     1         <internal>:(.shstrtab)
       0        0       ab     1 .strtab
       0        0       ab     1         <internal>:(.strtab)
