     VMA      LMA     Size Align Out     In      Symbol
       0        0 80200000     1 . = 0x80200000
80200000 80200000     2d5a     4 .text
80200000 80200000       12     2         /var/folders/y1/v4kxn_zn7sxbdj8x6p6hsc280000gn/T/kernel-77e641.o:(.text.boot)
80200000 80200000        0     1                 .L0 
80200000 80200000        0     1                 .L0 
80200000 80200000        0     1                 .Lpcrel_hi0
80200000 80200000        0     1                 $x
80200000 80200000        0     1                 .L0 
80200000 80200000       12     1                 boot
8020000c 8020000c        0     1                 .Ltmp0
80200012 80200012        0     1                 .L0 
80200012 80200012        0     1                 .L0 
80200014 80200014     2b70     4         /var/folders/y1/v4kxn_zn7sxbdj8x6p6hsc280000gn/T/kernel-77e641.o:(.text)
80200014 80200014        0     1                 .L0 
80200014 80200014        0     1                 .L0 
80200014 80200014        0     1                 $x
80200014 80200014        0     1                 .L0 
80200014 80200014        6     1                 sbi_call
80200018 80200018        0     1                 .L0 
8020001a 8020001a        0     1                 .L0 
8020001a 8020001a        0     1                 .L0 
8020001a 8020001a        0     1                 .L0 
8020001a 8020001a       14     1                 putchar
8020002c 8020002c        0     1                 .L0 
80200030 80200030        0     1                 .L0 
80200030 80200030        0     1                 .L0 
80200030 80200030        0     1                 .L0 
80200030 80200030       90     1                 kernel_entry
802000c0 802000c0        0     1                 .L0 
802000c0 802000c0        0     1                 .L0 
802000c0 802000c0        0     1                 .L0 
802000c0 802000c0        0     1                 .L0 
802000c0 802000c0        0     1                 .L0 
802000c0 802000c0       52     1                 alloc_pages
802000c6 802000c6        0     1                 .L0 
802000c6 802000c6        0     1                 .L0 
802000ce 802000ce        0     1                 .L0 
802000ce 802000ce        0     1                 .L0 
802000d2 802000d2        0     1                 .L0 
802000d6 802000d6        0     1                 .L0 
802000d6 802000d6        0     1                 .L0 
802000de 802000de        0     1                 .L0 
802000e2 802000e2        0     1                 .L0 
802000e6 802000e6        0     1                 .L0 
802000fe 802000fe        0     1                 .L0 
802000fe 802000fe        0     1                 .L0 
80200100 80200100        0     1                 .L0 
80200100 80200100        0     1                 .L0 
80200108 80200108        0     1                 .L0 
80200108 80200108        0     1                 .L0 
8020010a 8020010a        0     1                 .L0 
8020010e 8020010e        0     1                 .L0 
8020010e 8020010e        0     1                 .L0 
80200112 80200112        0     1                 .L0 
80200112 80200112        0     1                 .L0 
80200112 80200112        0     1                 .L0 
80200112 80200112        0     1                 .L0 
80200112 80200112        0     1                 .L0 
80200112 80200112       c2     1                 handle_trap
80200118 80200118        0     1                 .L0 
80200118 80200118        0     1                 .L0 
80200118 80200118        0     1                 .L0 
8020011c 8020011c        0     1                 .L0 
8020011c 8020011c        0     1                 .L0 
80200120 80200120        0     1                 .L0 
80200120 80200120        0     1                 .L0 
80200124 80200124        0     1                 .L0 
80200124 80200124        0     1                 .L0 
80200128 80200128        0     1                 .L0 
8020012a 8020012a        0     1                 .L0 
8020012e 8020012e        0     1                 .L0 
80200132 80200132        0     1                 .L0 
80200132 80200132        0     1                 .L0 
80200134 80200134        0     1                 .L0 
80200136 80200136        0     1                 .L0 
80200136 80200136        0     1                 .L0 
80200136 80200136        0     1                 .L0 
8020013a 8020013a        0     1                 .L0 
8020013c 8020013c        0     1                 .L0 
8020013c 8020013c        0     1                 .L0 
8020013e 8020013e        0     1                 .L0 
80200142 80200142        0     1                 .L0 
80200146 80200146        0     1                 .L0 
80200146 80200146        0     1                 .L0 
8020014a 8020014a        0     1                 .L0 
8020014c 8020014c        0     1                 .L0 
8020014e 8020014e        0     1                 .L0 
8020014e 8020014e        0     1                 .L0 
80200152 80200152        0     1                 .L0 
80200152 80200152        0     1                 .L0 
80200162 80200162        0     1                 .L0 
80200162 80200162        0     1                 .L0 
80200166 80200166        0     1                 .L0 
8020016c 8020016c        0     1                 .L0 
80200170 80200170        0     1                 .L0 
80200174 80200174        0     1                 .L0 
80200178 80200178        0     1                 .L0 
8020017a 8020017a        0     1                 .L0 
80200188 80200188        0     1                 .L0 
8020018a 8020018a        0     1                 .L0 
8020018e 8020018e        0     1                 .L0 
80200192 80200192        0     1                 .L0 
80200192 80200192        0     1                 .L0 
80200192 80200192        0     1                 .L0 
80200196 80200196        0     1                 .L0 
8020019a 8020019a        0     1                 .L0 
8020019a 8020019a        0     1                 .L0 
8020019e 8020019e        0     1                 .L0 
8020019e 8020019e        0     1                 .L0 
8020019e 8020019e        0     1                 .L0 
802001a2 802001a2        0     1                 .L0 
802001b8 802001b8        0     1                 .L0 
802001b8 802001b8        0     1                 .L0 
802001ba 802001ba        0     1                 .L0 
802001ba 802001ba        0     1                 .L0 
802001ba 802001ba        0     1                 .L0 
802001be 802001be        0     1                 .L0 
802001d2 802001d2        0     1                 .L0 
802001d2 802001d2        0     1                 .L0 
802001d4 802001d4        0     1                 .L0 
802001d4 802001d4        0     1                 .L0 
802001d4 802001d4        0     1                 .L0 
802001d4 802001d4        0     1                 .L0 
802001d4 802001d4        0     1                 .L0 
802001d4 802001d4        0     1                 .L0 
802001d4 802001d4       52     1                 handle_uart_interrupt
802001d8 802001d8        0     1                 .L0 
802001d8 802001d8        0     1                 .L0 
802001dc 802001dc        0     1                 .L0 
802001de 802001de        0     1                 .L0 
802001e0 802001e0        0     1                 .L0 
802001e0 802001e0        0     1                 .L0 
802001e4 802001e4        0     1                 .L0 
802001e4 802001e4        0     1                 .L0 
802001f4 802001f4        0     1                 .L0 
802001f8 802001f8        0     1                 .L0 
802001fe 802001fe        0     1                 .L0 
80200202 80200202        0     1                 .L0 
80200206 80200206        0     1                 .L0 
8020020a 8020020a        0     1                 .L0 
8020020c 8020020c        0     1                 .L0 
8020021a 8020021a        0     1                 .L0 
8020021c 8020021c        0     1                 .L0 
80200220 80200220        0     1                 .L0 
80200224 80200224        0     1                 .L0 
80200224 80200224        0     1                 .L0 
80200224 80200224        0     1                 .L0 
80200226 80200226        0     1                 .L0 
80200226 80200226        0     1                 .L0 
80200226 80200226        0     1                 .L0 
80200226 80200226        0     1                 .L0 
80200226 80200226        0     1                 .L0 
80200226 80200226       e0     1                 scheduler_init
8020022a 8020022a        0     1                 .L0 
8020022e 8020022e        0     1                 .L0 
80200232 80200232        0     1                 .L0 
80200236 80200236        0     1                 .L0 
8020023a 8020023a        0     1                 .L0 
8020023e 8020023e        0     1                 .L0 
80200244 80200244        0     1                 .L0 
8020024c 8020024c        0     1                 .L0 
8020025c 8020025c        0     1                 .L0 
80200260 80200260        0     1                 .L0 
80200264 80200264        0     1                 .L0 
80200268 80200268        0     1                 .L0 
8020026c 8020026c        0     1                 .L0 
80200270 80200270        0     1                 .L0 
80200274 80200274        0     1                 .L0 
80200278 80200278        0     1                 .L0 
8020027e 8020027e        0     1                 .L0 
8020027e 8020027e        0     1                 .L0 
80200282 80200282        0     1                 .L0 
80200286 80200286        0     1                 .L0 
8020028a 8020028a        0     1                 .L0 
8020028e 8020028e        0     1                 .L0 
80200292 80200292        0     1                 .L0 
80200296 80200296        0     1                 .L0 
8020029a 8020029a        0     1                 .L0 
8020029e 8020029e        0     1                 .L0 
802002a2 802002a2        0     1                 .L0 
802002a6 802002a6        0     1                 .L0 
802002aa 802002aa        0     1                 .L0 
802002b0 802002b0        0     1                 .L0 
802002b0 802002b0        0     1                 .L0 
802002b4 802002b4        0     1                 .L0 
802002b8 802002b8        0     1                 .L0 
802002bc 802002bc        0     1                 .L0 
802002c0 802002c0        0     1                 .L0 
802002c4 802002c4        0     1                 .L0 
802002c8 802002c8        0     1                 .L0 
802002cc 802002cc        0     1                 .L0 
802002d0 802002d0        0     1                 .L0 
802002d0 802002d0        0     1                 .L0 
802002d4 802002d4        0     1                 .L0 
802002d4 802002d4        0     1                 .L0 
802002d8 802002d8        0     1                 .L0 
802002dc 802002dc        0     1                 .L0 
802002e0 802002e0        0     1                 .L0 
802002e4 802002e4        0     1                 .L0 
802002e8 802002e8        0     1                 .L0 
802002ec 802002ec        0     1                 .L0 
802002f0 802002f0        0     1                 .L0 
802002f4 802002f4        0     1                 .L0 
802002f8 802002f8        0     1                 .L0 
802002fc 802002fc        0     1                 .L0 
80200300 80200300        0     1                 .L0 
80200300 80200300        0     1                 .L0 
80200304 80200304        0     1                 .L0 
80200306 80200306        0     1                 .L0 
80200306 80200306        0     1                 .L0 
80200306 80200306        0     1                 .L0 
80200306 80200306        0     1                 .L0 
80200306 80200306        0     1                 .L0 
80200306 80200306       e4     1                 create_process
80200312 80200312        0     1                 .L0 
80200312 80200312        0     1                 .L0 
80200312 80200312        0     1                 .L0 
8020031c 8020031c        0     1                 .L0 
8020031c 8020031c        0     1                 .L0 
8020031e 8020031e        0     1                 .L0 
8020031e 8020031e        0     1                 .L0 
80200320 80200320        0     1                 .L0 
80200320 80200320        0     1                 .L0 
80200328 80200328        0     1                 .L0 
80200328 80200328        0     1                 .L0 
8020032a 8020032a        0     1                 .L0 
8020032a 8020032a        0     1                 .L0 
80200332 80200332        0     1                 .L0 
80200332 80200332        0     1                 .L0 
80200334 80200334        0     1                 .L0 
80200334 80200334        0     1                 .L0 
8020033c 8020033c        0     1                 .L0 
8020033c 8020033c        0     1                 .L0 
8020033e 8020033e        0     1                 .L0 
8020033e 8020033e        0     1                 .L0 
80200346 80200346        0     1                 .L0 
80200346 80200346        0     1                 .L0 
80200348 80200348        0     1                 .L0 
80200348 80200348        0     1                 .L0 
80200350 80200350        0     1                 .L0 
80200350 80200350        0     1                 .L0 
80200352 80200352        0     1                 .L0 
80200352 80200352        0     1                 .L0 
8020035a 8020035a        0     1                 .L0 
8020035a 8020035a        0     1                 .L0 
8020035c 8020035c        0     1                 .L0 
8020035c 8020035c        0     1                 .L0 
80200366 80200366        0     1                 .L0 
80200366 80200366        0     1                 .L0 
80200368 80200368        0     1                 .L0 
80200368 80200368        0     1                 .L0 
80200374 80200374        0     1                 .L0 
80200374 80200374        0     1                 .L0 
80200376 80200376        0     1                 .L0 
80200378 80200378        0     1                 .L0 
80200378 80200378        0     1                 .L0 
8020037c 8020037c        0     1                 .L0 
80200382 80200382        0     1                 .L0 
80200388 80200388        0     1                 .L0 
8020038e 8020038e        0     1                 .L0 
80200394 80200394        0     1                 .L0 
8020039a 8020039a        0     1                 .L0 
8020039e 8020039e        0     1                 .L0 
802003a0 802003a0        0     1                 .L0 
802003a0 802003a0        0     1                 .L0 
802003a2 802003a2        0     1                 .L0 
802003ac 802003ac        0     1                 .L0 
802003ae 802003ae        0     1                 .L0 
802003b0 802003b0        0     1                 .L0 
802003b2 802003b2        0     1                 .L0 
802003b4 802003b4        0     1                 .L0 
802003be 802003be        0     1                 .L0 
802003be 802003be        0     1                 .L0 
802003c0 802003c0        0     1                 .L0 
802003c2 802003c2        0     1                 .L0 
802003c8 802003c8        0     1                 .L0 
802003ca 802003ca        0     1                 .L0 
802003ce 802003ce        0     1                 .L0 
802003da 802003da        0     1                 .L0 
802003da 802003da        0     1                 .L0 
802003da 802003da        0     1                 .L0 
802003dc 802003dc        0     1                 .L0 
802003e4 802003e4        0     1                 .L0 
802003e6 802003e6        0     1                 .L0 
802003ea 802003ea        0     1                 .L0 
802003ea 802003ea        0     1                 .L0 
802003ea 802003ea        0     1                 .L0 
802003ea 802003ea        0     1                 .L0 
802003ea 802003ea        0     1                 .L0 
802003ea 802003ea      26c     1                 schedule
802003f2 802003f2        0     1                 .L0 
802003f2 802003f2        0     1                 .L0 
802003f2 802003f2        0     1                 .L0 
802003fa 802003fa        0     1                 .L0 
802003fc 802003fc        0     1                 .L0 
80200400 80200400        0     1                 .L0 
80200404 80200404        0     1                 .L0 
80200406 80200406        0     1                 .L0 
80200408 80200408        0     1                 .L0 
80200408 80200408        0     1                 .L0 
8020040a 8020040a        0     1                 .L0 
8020040c 8020040c        0     1                 .L0 
8020041a 8020041a        0     1                 .L0 
8020041a 8020041a        0     1                 .L0 
8020041c 8020041c        0     1                 .L0 
8020041c 8020041c        0     1                 .L0 
80200420 80200420        0     1                 .L0 
80200420 80200420        0     1                 .L0 
8020042e 8020042e        0     1                 .L0 
80200432 80200432        0     1                 .L0 
80200432 80200432        0     1                 .L0 
80200436 80200436        0     1                 .L0 
80200436 80200436        0     1                 .L0 
8020044e 8020044e        0     1                 .L0 
8020044e 8020044e        0     1                 .L0 
80200452 80200452        0     1                 .L0 
80200454 80200454        0     1                 .L0 
80200456 80200456        0     1                 .L0 
80200456 80200456        0     1                 .L0 
8020045a 8020045a        0     1                 .L0 
8020045a 8020045a        0     1                 .L0 
80200474 80200474        0     1                 .L0 
80200474 80200474        0     1                 .L0 
80200476 80200476        0     1                 .L0 
8020047a 8020047a        0     1                 .L0 
8020047c 8020047c        0     1                 .L0 
80200480 80200480        0     1                 .L0 
80200480 80200480        0     1                 .L0 
80200484 80200484        0     1                 .L0 
80200484 80200484        0     1                 .L0 
8020049c 8020049c        0     1                 .L0 
8020049c 8020049c        0     1                 .L0 
802004a0 802004a0        0     1                 .L0 
802004a2 802004a2        0     1                 .L0 
802004a4 802004a4        0     1                 .L0 
802004a4 802004a4        0     1                 .L0 
802004a8 802004a8        0     1                 .L0 
802004a8 802004a8        0     1                 .L0 
802004c2 802004c2        0     1                 .L0 
802004c2 802004c2        0     1                 .L0 
802004c4 802004c4        0     1                 .L0 
802004c8 802004c8        0     1                 .L0 
802004ca 802004ca        0     1                 .L0 
802004ce 802004ce        0     1                 .L0 
802004ce 802004ce        0     1                 .L0 
802004d2 802004d2        0     1                 .L0 
802004d2 802004d2        0     1                 .L0 
802004ea 802004ea        0     1                 .L0 
802004ea 802004ea        0     1                 .L0 
802004ee 802004ee        0     1                 .L0 
802004f0 802004f0        0     1                 .L0 
802004f2 802004f2        0     1                 .L0 
802004f2 802004f2        0     1                 .L0 
802004f6 802004f6        0     1                 .L0 
802004f6 802004f6        0     1                 .L0 
80200510 80200510        0     1                 .L0 
80200510 80200510        0     1                 .L0 
80200512 80200512        0     1                 .L0 
80200516 80200516        0     1                 .L0 
80200518 80200518        0     1                 .L0 
8020051c 8020051c        0     1                 .L0 
8020051c 8020051c        0     1                 .L0 
80200520 80200520        0     1                 .L0 
80200520 80200520        0     1                 .L0 
80200522 80200522        0     1                 .L0 
80200522 80200522        0     1                 .L0 
80200530 80200530        0     1                 .L0 
80200532 80200532        0     1                 .L0 
80200532 80200532        0     1                 .L0 
80200536 80200536        0     1                 .L0 
80200536 80200536        0     1                 .L0 
80200538 80200538        0     1                 .L0 
8020053a 8020053a        0     1                 .L0 
8020053c 8020053c        0     1                 .L0 
80200544 80200544        0     1                 .L0 
80200550 80200550        0     1                 .L0 
80200550 80200550        0     1                 .L0 
80200552 80200552        0     1                 .L0 
80200556 80200556        0     1                 .L0 
80200556 80200556        0     1                 .L0 
8020055a 8020055a        0     1                 .L0 
8020055c 8020055c        0     1                 .L0 
8020055c 8020055c        0     1                 .L0 
8020055e 8020055e        0     1                 .L0 
80200560 80200560        0     1                 .L0 
80200560 80200560        0     1                 .L0 
80200638 80200638        0     1                 .L0 
80200638 80200638        0     1                 .L0 
80200638 80200638        0     1                 .L0 
8020063e 8020063e        0     1                 .L0 
80200642 80200642        0     1                 .L0 
80200642 80200642        0     1                 .L0 
80200642 80200642        0     1                 .L0 
80200642 80200642        0     1                 .L0 
8020064a 8020064a        0     1                 .L0 
80200650 80200650        0     1                 .L0 
80200652 80200652        0     1                 .L0 
80200656 80200656        0     1                 .L0 
80200656 80200656        0     1                 .L0 
80200656 80200656        0     1                 .L0 
80200656 80200656        0     1                 .L0 
80200656 80200656        0     1                 .L0 
80200656 80200656       e4     1                 context_switch
8020065a 8020065a        0     1                 .L0 
8020065a 8020065a        0     1                 .L0 
8020065c 8020065c        0     1                 .L0 
8020065c 8020065c        0     1                 .L0 
8020065e 8020065e        0     1                 .L0 
8020065e 8020065e        0     1                 .L0 
80200660 80200660        0     1                 .L0 
80200660 80200660        0     1                 .L0 
80200738 80200738        0     1                 .L0 
8020073a 8020073a        0     1                 .L0 
8020073a 8020073a        0     1                 .L0 
8020073a 8020073a        0     1                 .L0 
8020073a 8020073a        0     1                 .L0 
8020073a 8020073a       12     1                 yield
80200744 80200744        0     1                 .L0 
80200746 80200746        0     1                 .L0 
80200748 80200748        0     1                 .L0 
80200748 80200748        0     1                 .L0 
8020074a 8020074a        0     1                 .L0 
8020074a 8020074a        0     1                 .L0 
8020074c 8020074c        0     1                 .L0 
8020074c 8020074c        0     1                 .L0 
8020074c 8020074c        0     1                 .L0 
8020074c 8020074c        0     1                 .L0 
8020074c 8020074c        0     1                 .L0 
8020074c 8020074c       3a     1                 process_exit
80200752 80200752        0     1                 .L0 
80200752 80200752        0     1                 .L0 
8020075c 8020075c        0     1                 .L0 
8020075e 8020075e        0     1                 .L0 
8020076a 8020076a        0     1                 .L0 
8020076a 8020076a        0     1                 .L0 
8020076e 8020076e        0     1                 .L0 
80200772 80200772        0     1                 .L0 
80200776 80200776        0     1                 .L0 
8020077a 8020077a        0     1                 .L0 
8020077c 8020077c        0     1                 .L0 
8020077c 8020077c        0     1                 .L0 
8020077e 8020077e        0     1                 .L0 
8020077e 8020077e        0     1                 .L0 
8020077e 8020077e        0     1                 .L0 
80200786 80200786        0     1                 .L0 
80200786 80200786        0     1                 .L0 
80200786 80200786        0     1                 .L0 
80200786 80200786        0     1                 .L0 
80200786 80200786        0     1                 .L0 
80200786 80200786      17c     1                 process_a
8020078c 8020078c        0     1                 .L0 
8020078c 8020078c        0     1                 .L0 
8020078c 8020078c        0     1                 .L0 
8020079a 8020079a        0     1                 .L0 
8020079a 8020079a        0     1                 .L0 
8020079c 8020079c        0     1                 .L0 
8020079c 8020079c        0     1                 .L0 
802007a6 802007a6        0     1                 .L0 
802007aa 802007aa        0     1                 .L0 
802007ae 802007ae        0     1                 .L0 
802007ae 802007ae        0     1                 .L0 
802007ae 802007ae        0     1                 .L0 
802007b4 802007b4        0     1                 .L0 
802007b6 802007b6        0     1                 .L0 
802007ba 802007ba        0     1                 .L0 
802007ba 802007ba        0     1                 .L0 
802007ba 802007ba        0     1                 .L0 
802007c4 802007c4        0     1                 .L0 
802007c6 802007c6        0     1                 .L0 
802007c8 802007c8        0     1                 .L0 
802007ca 802007ca        0     1                 .L0 
802007ca 802007ca        0     1                 .L0 
802007ca 802007ca        0     1                 .L0 
802007d8 802007d8        0     1                 .L0 
802007d8 802007d8        0     1                 .L0 
802007da 802007da        0     1                 .L0 
802007da 802007da        0     1                 .L0 
802007e4 802007e4        0     1                 .L0 
802007e8 802007e8        0     1                 .L0 
802007ec 802007ec        0     1                 .L0 
802007ec 802007ec        0     1                 .L0 
802007ec 802007ec        0     1                 .L0 
802007f2 802007f2        0     1                 .L0 
802007f4 802007f4        0     1                 .L0 
802007f8 802007f8        0     1                 .L0 
802007f8 802007f8        0     1                 .L0 
802007f8 802007f8        0     1                 .L0 
80200802 80200802        0     1                 .L0 
80200804 80200804        0     1                 .L0 
80200806 80200806        0     1                 .L0 
80200808 80200808        0     1                 .L0 
80200808 80200808        0     1                 .L0 
80200808 80200808        0     1                 .L0 
80200816 80200816        0     1                 .L0 
80200816 80200816        0     1                 .L0 
80200818 80200818        0     1                 .L0 
80200818 80200818        0     1                 .L0 
80200822 80200822        0     1                 .L0 
80200826 80200826        0     1                 .L0 
8020082a 8020082a        0     1                 .L0 
8020082a 8020082a        0     1                 .L0 
8020082a 8020082a        0     1                 .L0 
80200830 80200830        0     1                 .L0 
80200832 80200832        0     1                 .L0 
80200836 80200836        0     1                 .L0 
80200836 80200836        0     1                 .L0 
80200836 80200836        0     1                 .L0 
80200840 80200840        0     1                 .L0 
80200842 80200842        0     1                 .L0 
80200844 80200844        0     1                 .L0 
80200846 80200846        0     1                 .L0 
80200846 80200846        0     1                 .L0 
80200846 80200846        0     1                 .L0 
80200854 80200854        0     1                 .L0 
80200854 80200854        0     1                 .L0 
80200856 80200856        0     1                 .L0 
80200856 80200856        0     1                 .L0 
80200860 80200860        0     1                 .L0 
80200864 80200864        0     1                 .L0 
80200868 80200868        0     1                 .L0 
80200868 80200868        0     1                 .L0 
80200868 80200868        0     1                 .L0 
8020086e 8020086e        0     1                 .L0 
80200870 80200870        0     1                 .L0 
80200874 80200874        0     1                 .L0 
80200874 80200874        0     1                 .L0 
80200874 80200874        0     1                 .L0 
8020087e 8020087e        0     1                 .L0 
80200880 80200880        0     1                 .L0 
80200882 80200882        0     1                 .L0 
80200884 80200884        0     1                 .L0 
80200884 80200884        0     1                 .L0 
80200884 80200884        0     1                 .L0 
80200892 80200892        0     1                 .L0 
80200892 80200892        0     1                 .L0 
80200894 80200894        0     1                 .L0 
80200894 80200894        0     1                 .L0 
8020089e 8020089e        0     1                 .L0 
802008a2 802008a2        0     1                 .L0 
802008a6 802008a6        0     1                 .L0 
802008a6 802008a6        0     1                 .L0 
802008ac 802008ac        0     1                 .L0 
802008ae 802008ae        0     1                 .L0 
802008b2 802008b2        0     1                 .L0 
802008b2 802008b2        0     1                 .L0 
802008b2 802008b2        0     1                 .L0 
802008bc 802008bc        0     1                 .L0 
802008be 802008be        0     1                 .L0 
802008c0 802008c0        0     1                 .L0 
802008c2 802008c2        0     1                 .L0 
802008c2 802008c2        0     1                 .L0 
802008c2 802008c2        0     1                 .L0 
802008ce 802008ce        0     1                 .L0 
802008ce 802008ce        0     1                 .L0 
802008d4 802008d4        0     1                 .L0 
802008d6 802008d6        0     1                 .L0 
802008e2 802008e2        0     1                 .L0 
802008e2 802008e2        0     1                 .L0 
802008ea 802008ea        0     1                 .L0 
802008ee 802008ee        0     1                 .L0 
802008f2 802008f2        0     1                 .L0 
802008f6 802008f6        0     1                 .L0 
802008f8 802008f8        0     1                 .L0 
802008f8 802008f8        0     1                 .L0 
802008fa 802008fa        0     1                 .L0 
802008fa 802008fa        0     1                 .L0 
802008fa 802008fa        0     1                 .L0 
802008fa 802008fa        0     1                 .L0 
80200902 80200902        0     1                 .L0 
80200902 80200902        0     1                 .L0 
80200902 80200902        0     1                 .L0 
80200902 80200902        0     1                 .L0 
80200902 80200902        0     1                 .L0 
80200902 80200902      17c     1                 process_b
80200908 80200908        0     1                 .L0 
80200908 80200908        0     1                 .L0 
80200908 80200908        0     1                 .L0 
80200916 80200916        0     1                 .L0 
80200916 80200916        0     1                 .L0 
80200918 80200918        0     1                 .L0 
80200918 80200918        0     1                 .L0 
80200922 80200922        0     1                 .L0 
80200926 80200926        0     1                 .L0 
8020092a 8020092a        0     1                 .L0 
8020092a 8020092a        0     1                 .L0 
8020092a 8020092a        0     1                 .L0 
80200930 80200930        0     1                 .L0 
80200932 80200932        0     1                 .L0 
80200936 80200936        0     1                 .L0 
80200936 80200936        0     1                 .L0 
80200936 80200936        0     1                 .L0 
80200940 80200940        0     1                 .L0 
80200942 80200942        0     1                 .L0 
80200944 80200944        0     1                 .L0 
80200946 80200946        0     1                 .L0 
80200946 80200946        0     1                 .L0 
80200946 80200946        0     1                 .L0 
80200954 80200954        0     1                 .L0 
80200954 80200954        0     1                 .L0 
80200956 80200956        0     1                 .L0 
80200956 80200956        0     1                 .L0 
80200960 80200960        0     1                 .L0 
80200964 80200964        0     1                 .L0 
80200968 80200968        0     1                 .L0 
80200968 80200968        0     1                 .L0 
80200968 80200968        0     1                 .L0 
8020096e 8020096e        0     1                 .L0 
80200970 80200970        0     1                 .L0 
80200974 80200974        0     1                 .L0 
80200974 80200974        0     1                 .L0 
80200974 80200974        0     1                 .L0 
8020097e 8020097e        0     1                 .L0 
80200980 80200980        0     1                 .L0 
80200982 80200982        0     1                 .L0 
80200984 80200984        0     1                 .L0 
80200984 80200984        0     1                 .L0 
80200984 80200984        0     1                 .L0 
80200992 80200992        0     1                 .L0 
80200992 80200992        0     1                 .L0 
80200994 80200994        0     1                 .L0 
80200994 80200994        0     1                 .L0 
8020099e 8020099e        0     1                 .L0 
802009a2 802009a2        0     1                 .L0 
802009a6 802009a6        0     1                 .L0 
802009a6 802009a6        0     1                 .L0 
802009a6 802009a6        0     1                 .L0 
802009ac 802009ac        0     1                 .L0 
802009ae 802009ae        0     1                 .L0 
802009b2 802009b2        0     1                 .L0 
802009b2 802009b2        0     1                 .L0 
802009b2 802009b2        0     1                 .L0 
802009bc 802009bc        0     1                 .L0 
802009be 802009be        0     1                 .L0 
802009c0 802009c0        0     1                 .L0 
802009c2 802009c2        0     1                 .L0 
802009c2 802009c2        0     1                 .L0 
802009c2 802009c2        0     1                 .L0 
802009d0 802009d0        0     1                 .L0 
802009d0 802009d0        0     1                 .L0 
802009d2 802009d2        0     1                 .L0 
802009d2 802009d2        0     1                 .L0 
802009dc 802009dc        0     1                 .L0 
802009e0 802009e0        0     1                 .L0 
802009e4 802009e4        0     1                 .L0 
802009e4 802009e4        0     1                 .L0 
802009e4 802009e4        0     1                 .L0 
802009ea 802009ea        0     1                 .L0 
802009ec 802009ec        0     1                 .L0 
802009f0 802009f0        0     1                 .L0 
802009f0 802009f0        0     1                 .L0 
802009f0 802009f0        0     1                 .L0 
802009fa 802009fa        0     1                 .L0 
802009fc 802009fc        0     1                 .L0 
802009fe 802009fe        0     1                 .L0 
80200a00 80200a00        0     1                 .L0 
80200a00 80200a00        0     1                 .L0 
80200a00 80200a00        0     1                 .L0 
80200a0e 80200a0e        0     1                 .L0 
80200a0e 80200a0e        0     1                 .L0 
80200a10 80200a10        0     1                 .L0 
80200a10 80200a10        0     1                 .L0 
80200a1a 80200a1a        0     1                 .L0 
80200a1e 80200a1e        0     1                 .L0 
80200a22 80200a22        0     1                 .L0 
80200a22 80200a22        0     1                 .L0 
80200a28 80200a28        0     1                 .L0 
80200a2a 80200a2a        0     1                 .L0 
80200a2e 80200a2e        0     1                 .L0 
80200a2e 80200a2e        0     1                 .L0 
80200a2e 80200a2e        0     1                 .L0 
80200a38 80200a38        0     1                 .L0 
80200a3a 80200a3a        0     1                 .L0 
80200a3c 80200a3c        0     1                 .L0 
80200a3e 80200a3e        0     1                 .L0 
80200a3e 80200a3e        0     1                 .L0 
80200a3e 80200a3e        0     1                 .L0 
80200a4a 80200a4a        0     1                 .L0 
80200a4a 80200a4a        0     1                 .L0 
80200a50 80200a50        0     1                 .L0 
80200a52 80200a52        0     1                 .L0 
80200a5e 80200a5e        0     1                 .L0 
80200a5e 80200a5e        0     1                 .L0 
80200a66 80200a66        0     1                 .L0 
80200a6a 80200a6a        0     1                 .L0 
80200a6e 80200a6e        0     1                 .L0 
80200a72 80200a72        0     1                 .L0 
80200a74 80200a74        0     1                 .L0 
80200a74 80200a74        0     1                 .L0 
80200a76 80200a76        0     1                 .L0 
80200a76 80200a76        0     1                 .L0 
80200a76 80200a76        0     1                 .L0 
80200a76 80200a76        0     1                 .L0 
80200a7e 80200a7e        0     1                 .L0 
80200a7e 80200a7e        0     1                 .L0 
80200a7e 80200a7e        0     1                 .L0 
80200a7e 80200a7e        0     1                 .L0 
80200a7e 80200a7e        0     1                 .L0 
80200a7e 80200a7e      17e     1                 process_c
80200a84 80200a84        0     1                 .L0 
80200a84 80200a84        0     1                 .L0 
80200a84 80200a84        0     1                 .L0 
80200a92 80200a92        0     1                 .L0 
80200a92 80200a92        0     1                 .L0 
80200a94 80200a94        0     1                 .L0 
80200a94 80200a94        0     1                 .L0 
80200a9e 80200a9e        0     1                 .L0 
80200aa2 80200aa2        0     1                 .L0 
80200aa6 80200aa6        0     1                 .L0 
80200aa6 80200aa6        0     1                 .L0 
80200aa6 80200aa6        0     1                 .L0 
80200aac 80200aac        0     1                 .L0 
80200aae 80200aae        0     1                 .L0 
80200ab2 80200ab2        0     1                 .L0 
80200ab2 80200ab2        0     1                 .L0 
80200ab2 80200ab2        0     1                 .L0 
80200abc 80200abc        0     1                 .L0 
80200abe 80200abe        0     1                 .L0 
80200ac0 80200ac0        0     1                 .L0 
80200ac2 80200ac2        0     1                 .L0 
80200ac2 80200ac2        0     1                 .L0 
80200ac2 80200ac2        0     1                 .L0 
80200ad0 80200ad0        0     1                 .L0 
80200ad0 80200ad0        0     1                 .L0 
80200ad2 80200ad2        0     1                 .L0 
80200ad2 80200ad2        0     1                 .L0 
80200adc 80200adc        0     1                 .L0 
80200ae0 80200ae0        0     1                 .L0 
80200ae4 80200ae4        0     1                 .L0 
80200ae4 80200ae4        0     1                 .L0 
80200ae4 80200ae4        0     1                 .L0 
80200aea 80200aea        0     1                 .L0 
80200aec 80200aec        0     1                 .L0 
80200af0 80200af0        0     1                 .L0 
80200af0 80200af0        0     1                 .L0 
80200af0 80200af0        0     1                 .L0 
80200afa 80200afa        0     1                 .L0 
80200afc 80200afc        0     1                 .L0 
80200afe 80200afe        0     1                 .L0 
80200b00 80200b00        0     1                 .L0 
80200b00 80200b00        0     1                 .L0 
80200b00 80200b00        0     1                 .L0 
80200b0e 80200b0e        0     1                 .L0 
80200b0e 80200b0e        0     1                 .L0 
80200b10 80200b10        0     1                 .L0 
80200b10 80200b10        0     1                 .L0 
80200b1a 80200b1a        0     1                 .L0 
80200b1e 80200b1e        0     1                 .L0 
80200b22 80200b22        0     1                 .L0 
80200b22 80200b22        0     1                 .L0 
80200b22 80200b22        0     1                 .L0 
80200b28 80200b28        0     1                 .L0 
80200b2a 80200b2a        0     1                 .L0 
80200b2e 80200b2e        0     1                 .L0 
80200b2e 80200b2e        0     1                 .L0 
80200b2e 80200b2e        0     1                 .L0 
80200b38 80200b38        0     1                 .L0 
80200b3a 80200b3a        0     1                 .L0 
80200b3c 80200b3c        0     1                 .L0 
80200b3e 80200b3e        0     1                 .L0 
80200b3e 80200b3e        0     1                 .L0 
80200b3e 80200b3e        0     1                 .L0 
80200b4c 80200b4c        0     1                 .L0 
80200b4c 80200b4c        0     1                 .L0 
80200b4e 80200b4e        0     1                 .L0 
80200b4e 80200b4e        0     1                 .L0 
80200b58 80200b58        0     1                 .L0 
80200b5c 80200b5c        0     1                 .L0 
80200b60 80200b60        0     1                 .L0 
80200b60 80200b60        0     1                 .L0 
80200b60 80200b60        0     1                 .L0 
80200b66 80200b66        0     1                 .L0 
80200b68 80200b68        0     1                 .L0 
80200b6c 80200b6c        0     1                 .L0 
80200b6c 80200b6c        0     1                 .L0 
80200b6c 80200b6c        0     1                 .L0 
80200b76 80200b76        0     1                 .L0 
80200b78 80200b78        0     1                 .L0 
80200b7a 80200b7a        0     1                 .L0 
80200b7c 80200b7c        0     1                 .L0 
80200b7c 80200b7c        0     1                 .L0 
80200b7c 80200b7c        0     1                 .L0 
80200b8a 80200b8a        0     1                 .L0 
80200b8a 80200b8a        0     1                 .L0 
80200b8c 80200b8c        0     1                 .L0 
80200b8c 80200b8c        0     1                 .L0 
80200b96 80200b96        0     1                 .L0 
80200b9a 80200b9a        0     1                 .L0 
80200b9e 80200b9e        0     1                 .L0 
80200b9e 80200b9e        0     1                 .L0 
80200ba4 80200ba4        0     1                 .L0 
80200ba6 80200ba6        0     1                 .L0 
80200baa 80200baa        0     1                 .L0 
80200baa 80200baa        0     1                 .L0 
80200baa 80200baa        0     1                 .L0 
80200bb4 80200bb4        0     1                 .L0 
80200bb6 80200bb6        0     1                 .L0 
80200bb8 80200bb8        0     1                 .L0 
80200bba 80200bba        0     1                 .L0 
80200bba 80200bba        0     1                 .L0 
80200bba 80200bba        0     1                 .L0 
80200bc6 80200bc6        0     1                 .L0 
80200bc6 80200bc6        0     1                 .L0 
80200bcc 80200bcc        0     1                 .L0 
80200bce 80200bce        0     1                 .L0 
80200bda 80200bda        0     1                 .L0 
80200bda 80200bda        0     1                 .L0 
80200be2 80200be2        0     1                 .L0 
80200be6 80200be6        0     1                 .L0 
80200bea 80200bea        0     1                 .L0 
80200bee 80200bee        0     1                 .L0 
80200bf0 80200bf0        0     1                 .L0 
80200bf0 80200bf0        0     1                 .L0 
80200bf4 80200bf4        0     1                 .L0 
80200bf4 80200bf4        0     1                 .L0 
80200bf4 80200bf4        0     1                 .L0 
80200bf4 80200bf4        0     1                 .L0 
80200bfc 80200bfc        0     1                 .L0 
80200bfc 80200bfc        0     1                 .L0 
80200bfc 80200bfc        0     1                 .L0 
80200bfc 80200bfc        0     1                 .L0 
80200bfc 80200bfc        0     1                 .L0 
80200bfc 80200bfc       32     1                 memory_init
80200c0a 80200c0a        0     1                 .L0 
80200c0e 80200c0e        0     1                 .L0 
80200c16 80200c16        0     1                 .L0 
80200c1e 80200c1e        0     1                 .L0 
80200c24 80200c24        0     1                 .L0 
80200c26 80200c26        0     1                 .L0 
80200c2a 80200c2a        0     1                 .L0 
80200c2a 80200c2a        0     1                 .L0 
80200c2e 80200c2e        0     1                 .L0 
80200c2e 80200c2e        0     1                 .L0 
80200c2e 80200c2e        0     1                 .L0 
80200c2e 80200c2e        0     1                 .L0 
80200c2e 80200c2e        0     1                 .L0 
80200c2e 80200c2e       66     1                 kmalloc
80200c30 80200c30        0     1                 .L0 
80200c32 80200c32        0     1                 .L0 
80200c34 80200c34        0     1                 .L0 
80200c34 80200c34        0     1                 .L0 
80200c34 80200c34        0     1                 .L0 
80200c3c 80200c3c        0     1                 .L0 
80200c3e 80200c3e        0     1                 .L0 
80200c42 80200c42        0     1                 .L0 
80200c44 80200c44        0     1                 .L0 
80200c44 80200c44        0     1                 .L0 
80200c46 80200c46        0     1                 .L0 
80200c46 80200c46        0     1                 .L0 
80200c48 80200c48        0     1                 .L0 
80200c48 80200c48        0     1                 .L0 
80200c48 80200c48        0     1                 .L0 
80200c4a 80200c4a        0     1                 .L0 
80200c4c 80200c4c        0     1                 .L0 
80200c4e 80200c4e        0     1                 .L0 
80200c52 80200c52        0     1                 .L0 
80200c56 80200c56        0     1                 .L0 
80200c5a 80200c5a        0     1                 .L0 
80200c5a 80200c5a        0     1                 .L0 
80200c60 80200c60        0     1                 .L0 
80200c62 80200c62        0     1                 .L0 
80200c64 80200c64        0     1                 .L0 
80200c68 80200c68        0     1                 .L0 
80200c68 80200c68        0     1                 .L0 
80200c6a 80200c6a        0     1                 .L0 
80200c6e 80200c6e        0     1                 .L0 
80200c70 80200c70        0     1                 .L0 
80200c72 80200c72        0     1                 .L0 
80200c74 80200c74        0     1                 .L0 
80200c76 80200c76        0     1                 .L0 
80200c76 80200c76        0     1                 .L0 
80200c76 80200c76        0     1                 .L0 
80200c7a 80200c7a        0     1                 .L0 
80200c7e 80200c7e        0     1                 .L0 
80200c7e 80200c7e        0     1                 .L0 
80200c80 80200c80        0     1                 .L0 
80200c80 80200c80        0     1                 .L0 
80200c8c 80200c8c        0     1                 .L0 
80200c8c 80200c8c        0     1                 .L0 
80200c8e 80200c8e        0     1                 .L0 
80200c90 80200c90        0     1                 .L0 
80200c92 80200c92        0     1                 .L0 
80200c92 80200c92        0     1                 .L0 
80200c94 80200c94        0     1                 .L0 
80200c94 80200c94        0     1                 .L0 
80200c94 80200c94        0     1                 .L0 
80200c94 80200c94        0     1                 .L0 
80200c94 80200c94        0     1                 .L0 
80200c94 80200c94       3e     1                 kfree
80200c96 80200c96        0     1                 .L0 
80200c96 80200c96        0     1                 .L0 
80200ca0 80200ca0        0     1                 .L0 
80200ca4 80200ca4        0     1                 .L0 
80200ca6 80200ca6        0     1                 .L0 
80200ca6 80200ca6        0     1                 .L0 
80200ca6 80200ca6        0     1                 .L0 
80200ca8 80200ca8        0     1                 .L0 
80200ca8 80200ca8        0     1                 .L0 
80200ca8 80200ca8        0     1                 .L0 
80200caa 80200caa        0     1                 .L0 
80200caa 80200caa        0     1                 .L0 
80200cac 80200cac        0     1                 .L0 
80200cac 80200cac        0     1                 .L0 
80200cac 80200cac        0     1                 .L0 
80200cae 80200cae        0     1                 .L0 
80200cb0 80200cb0        0     1                 .L0 
80200cb2 80200cb2        0     1                 .L0 
80200cb4 80200cb4        0     1                 .L0 
80200cb6 80200cb6        0     1                 .L0 
80200cb8 80200cb8        0     1                 .L0 
80200cba 80200cba        0     1                 .L0 
80200cbe 80200cbe        0     1                 .L0 
80200cc0 80200cc0        0     1                 .L0 
80200cc4 80200cc4        0     1                 .L0 
80200cc6 80200cc6        0     1                 .L0 
80200cc8 80200cc8        0     1                 .L0 
80200cca 80200cca        0     1                 .L0 
80200cce 80200cce        0     1                 .L0 
80200cd2 80200cd2        0     1                 .L0 
80200cd2 80200cd2        0     1                 .L0 
80200cd2 80200cd2        0     1                 .L0 
80200cd2 80200cd2        0     1                 .L0 
80200cd2 80200cd2        0     1                 .L0 
80200cd2 80200cd2        0     1                 .L0 
80200cd2 80200cd2       44     1                 print_memory_stats
80200cda 80200cda        0     1                 .L0 
80200cdc 80200cdc        0     1                 .L0 
80200ce2 80200ce2        0     1                 .L0 
80200ce2 80200ce2        0     1                 .L0 
80200ce2 80200ce2        0     1                 .L0 
80200ce4 80200ce4        0     1                 .L0 
80200ce6 80200ce6        0     1                 .L0 
80200cea 80200cea        0     1                 .L0 
80200cea 80200cea        0     1                 .L0 
80200cfe 80200cfe        0     1                 .L0 
80200d00 80200d00        0     1                 .L0 
80200d00 80200d00        0     1                 .L0 
80200d04 80200d04        0     1                 .L0 
80200d04 80200d04        0     1                 .L0 
80200d04 80200d04        0     1                 .L0 
80200d0a 80200d0a        0     1                 .L0 
80200d0a 80200d0a        0     1                 .L0 
80200d0a 80200d0a        0     1                 .L0 
80200d12 80200d12        0     1                 .L0 
80200d16 80200d16        0     1                 .L0 
80200d16 80200d16        0     1                 .L0 
80200d16 80200d16        0     1                 .L0 
80200d16 80200d16        0     1                 .L0 
80200d16 80200d16        0     1                 .L0 
80200d16 80200d16      440     1                 test_memory_allocation
80200d24 80200d24        0     1                 .L0 
80200d24 80200d24        0     1                 .L0 
80200d30 80200d30        0     1                 .L0 
80200d30 80200d30        0     1                 .L0 
80200d38 80200d38        0     1                 .L0 
80200d3c 80200d3c        0     1                 .L0 
80200d42 80200d42        0     1                 .L0 
80200d42 80200d42        0     1                 .L0 
80200d46 80200d46        0     1                 .L0 
80200d46 80200d46        0     1                 .L0 
80200d4a 80200d4a        0     1                 .L0 
80200d4a 80200d4a        0     1                 .L0 
80200d4a 80200d4a        0     1                 .L0 
80200d4e 80200d4e        0     1                 .L0 
80200d50 80200d50        0     1                 .L0 
80200d54 80200d54        0     1                 .L0 
80200d58 80200d58        0     1                 .L0 
80200d5c 80200d5c        0     1                 .L0 
80200d60 80200d60        0     1                 .L0 
80200d60 80200d60        0     1                 .L0 
80200d64 80200d64        0     1                 .L0 
80200d64 80200d64        0     1                 .L0 
80200d66 80200d66        0     1                 .L0 
80200d6a 80200d6a        0     1                 .L0 
80200d72 80200d72        0     1                 .L0 
80200d76 80200d76        0     1                 .L0 
80200d7a 80200d7a        0     1                 .L0 
80200d7e 80200d7e        0     1                 .L0 
80200d82 80200d82        0     1                 .L0 
80200d86 80200d86        0     1                 .L0 
80200d86 80200d86        0     1                 .L0 
80200d86 80200d86        0     1                 .L0 
80200d8a 80200d8a        0     1                 .L0 
80200d8c 80200d8c        0     1                 .L0 
80200d8e 80200d8e        0     1                 .L0 
80200d8e 80200d8e        0     1                 .L0 
80200d9a 80200d9a        0     1                 .L0 
80200d9a 80200d9a        0     1                 .L0 
80200d9c 80200d9c        0     1                 .L0 
80200d9c 80200d9c        0     1                 .L0 
80200d9c 80200d9c        0     1                 .L0 
80200daa 80200daa        0     1                 .L0 
80200daa 80200daa        0     1                 .L0 
80200dae 80200dae        0     1                 .L0 
80200db0 80200db0        0     1                 .L0 
80200db6 80200db6        0     1                 .L0 
80200db6 80200db6        0     1                 .L0 
80200db6 80200db6        0     1                 .L0 
80200db8 80200db8        0     1                 .L0 
80200dba 80200dba        0     1                 .L0 
80200dbe 80200dbe        0     1                 .L0 
80200dbe 80200dbe        0     1                 .L0 
80200dd0 80200dd0        0     1                 .L0 
80200dd2 80200dd2        0     1                 .L0 
80200dd2 80200dd2        0     1                 .L0 
80200dd6 80200dd6        0     1                 .L0 
80200dd6 80200dd6        0     1                 .L0 
80200dd6 80200dd6        0     1                 .L0 
80200ddc 80200ddc        0     1                 .L0 
80200ddc 80200ddc        0     1                 .L0 
80200ddc 80200ddc        0     1                 .L0 
80200de8 80200de8        0     1                 .L0 
80200de8 80200de8        0     1                 .L0 
80200dec 80200dec        0     1                 .L0 
80200dee 80200dee        0     1                 .L0 
80200df4 80200df4        0     1                 .L0 
80200df4 80200df4        0     1                 .L0 
80200df6 80200df6        0     1                 .L0 
80200df6 80200df6        0     1                 .L0 
80200df8 80200df8        0     1                 .L0 
80200df8 80200df8        0     1                 .L0 
80200df8 80200df8        0     1                 .L0 
80200dfa 80200dfa        0     1                 .L0 
80200dfc 80200dfc        0     1                 .L0 
80200dfe 80200dfe        0     1                 .L0 
80200e02 80200e02        0     1                 .L0 
80200e06 80200e06        0     1                 .L0 
80200e0a 80200e0a        0     1                 .L0 
80200e0a 80200e0a        0     1                 .L0 
80200e0e 80200e0e        0     1                 .L0 
80200e0e 80200e0e        0     1                 .L0 
80200e10 80200e10        0     1                 .L0 
80200e14 80200e14        0     1                 .L0 
80200e1a 80200e1a        0     1                 .L0 
80200e1e 80200e1e        0     1                 .L0 
80200e22 80200e22        0     1                 .L0 
80200e26 80200e26        0     1                 .L0 
80200e28 80200e28        0     1                 .L0 
80200e2a 80200e2a        0     1                 .L0 
80200e2a 80200e2a        0     1                 .L0 
80200e2a 80200e2a        0     1                 .L0 
80200e2e 80200e2e        0     1                 .L0 
80200e30 80200e30        0     1                 .L0 
80200e32 80200e32        0     1                 .L0 
80200e32 80200e32        0     1                 .L0 
80200e3e 80200e3e        0     1                 .L0 
80200e3e 80200e3e        0     1                 .L0 
80200e40 80200e40        0     1                 .L0 
80200e40 80200e40        0     1                 .L0 
80200e40 80200e40        0     1                 .L0 
80200e4e 80200e4e        0     1                 .L0 
80200e4e 80200e4e        0     1                 .L0 
80200e52 80200e52        0     1                 .L0 
80200e54 80200e54        0     1                 .L0 
80200e5a 80200e5a        0     1                 .L0 
80200e5a 80200e5a        0     1                 .L0 
80200e5a 80200e5a        0     1                 .L0 
80200e5c 80200e5c        0     1                 .L0 
80200e5e 80200e5e        0     1                 .L0 
80200e62 80200e62        0     1                 .L0 
80200e62 80200e62        0     1                 .L0 
80200e74 80200e74        0     1                 .L0 
80200e76 80200e76        0     1                 .L0 
80200e76 80200e76        0     1                 .L0 
80200e7a 80200e7a        0     1                 .L0 
80200e7a 80200e7a        0     1                 .L0 
80200e7a 80200e7a        0     1                 .L0 
80200e80 80200e80        0     1                 .L0 
80200e80 80200e80        0     1                 .L0 
80200e80 80200e80        0     1                 .L0 
80200e8c 80200e8c        0     1                 .L0 
80200e8c 80200e8c        0     1                 .L0 
80200e90 80200e90        0     1                 .L0 
80200e92 80200e92        0     1                 .L0 
80200e98 80200e98        0     1                 .L0 
80200e98 80200e98        0     1                 .L0 
80200e9a 80200e9a        0     1                 .L0 
80200e9a 80200e9a        0     1                 .L0 
80200e9c 80200e9c        0     1                 .L0 
80200e9c 80200e9c        0     1                 .L0 
80200e9c 80200e9c        0     1                 .L0 
80200e9e 80200e9e        0     1                 .L0 
80200ea0 80200ea0        0     1                 .L0 
80200ea2 80200ea2        0     1                 .L0 
80200ea6 80200ea6        0     1                 .L0 
80200eaa 80200eaa        0     1                 .L0 
80200eae 80200eae        0     1                 .L0 
80200eae 80200eae        0     1                 .L0 
80200eb2 80200eb2        0     1                 .L0 
80200eb2 80200eb2        0     1                 .L0 
80200eb4 80200eb4        0     1                 .L0 
80200eb8 80200eb8        0     1                 .L0 
80200ebe 80200ebe        0     1                 .L0 
80200ec2 80200ec2        0     1                 .L0 
80200ec6 80200ec6        0     1                 .L0 
80200eca 80200eca        0     1                 .L0 
80200ecc 80200ecc        0     1                 .L0 
80200ece 80200ece        0     1                 .L0 
80200ece 80200ece        0     1                 .L0 
80200ece 80200ece        0     1                 .L0 
80200ed2 80200ed2        0     1                 .L0 
80200ed6 80200ed6        0     1                 .L0 
80200ed8 80200ed8        0     1                 .L0 
80200ed8 80200ed8        0     1                 .L0 
80200ee4 80200ee4        0     1                 .L0 
80200ee4 80200ee4        0     1                 .L0 
80200ee6 80200ee6        0     1                 .L0 
80200ee6 80200ee6        0     1                 .L0 
80200ee6 80200ee6        0     1                 .L0 
80200ef4 80200ef4        0     1                 .L0 
80200ef4 80200ef4        0     1                 .L0 
80200ef8 80200ef8        0     1                 .L0 
80200efa 80200efa        0     1                 .L0 
80200f00 80200f00        0     1                 .L0 
80200f00 80200f00        0     1                 .L0 
80200f00 80200f00        0     1                 .L0 
80200f02 80200f02        0     1                 .L0 
80200f04 80200f04        0     1                 .L0 
80200f08 80200f08        0     1                 .L0 
80200f08 80200f08        0     1                 .L0 
80200f1a 80200f1a        0     1                 .L0 
80200f1c 80200f1c        0     1                 .L0 
80200f1c 80200f1c        0     1                 .L0 
80200f20 80200f20        0     1                 .L0 
80200f20 80200f20        0     1                 .L0 
80200f20 80200f20        0     1                 .L0 
80200f26 80200f26        0     1                 .L0 
80200f26 80200f26        0     1                 .L0 
80200f26 80200f26        0     1                 .L0 
80200f32 80200f32        0     1                 .L0 
80200f32 80200f32        0     1                 .L0 
80200f34 80200f34        0     1                 .L0 
80200f34 80200f34        0     1                 .L0 
80200f3a 80200f3a        0     1                 .L0 
80200f3e 80200f3e        0     1                 .L0 
80200f40 80200f40        0     1                 .L0 
80200f40 80200f40        0     1                 .L0 
80200f40 80200f40        0     1                 .L0 
80200f4c 80200f4c        0     1                 .L0 
80200f4c 80200f4c        0     1                 .L0 
80200f50 80200f50        0     1                 .L0 
80200f52 80200f52        0     1                 .L0 
80200f58 80200f58        0     1                 .L0 
80200f58 80200f58        0     1                 .L0 
80200f58 80200f58        0     1                 .L0 
80200f5a 80200f5a        0     1                 .L0 
80200f5c 80200f5c        0     1                 .L0 
80200f60 80200f60        0     1                 .L0 
80200f60 80200f60        0     1                 .L0 
80200f72 80200f72        0     1                 .L0 
80200f74 80200f74        0     1                 .L0 
80200f74 80200f74        0     1                 .L0 
80200f78 80200f78        0     1                 .L0 
80200f78 80200f78        0     1                 .L0 
80200f78 80200f78        0     1                 .L0 
80200f7a 80200f7a        0     1                 .L0 
80200f7a 80200f7a        0     1                 .L0 
80200f7c 80200f7c        0     1                 .L0 
80200f7c 80200f7c        0     1                 .L0 
80200f7c 80200f7c        0     1                 .L0 
80200f7e 80200f7e        0     1                 .L0 
80200f80 80200f80        0     1                 .L0 
80200f82 80200f82        0     1                 .L0 
80200f84 80200f84        0     1                 .L0 
80200f86 80200f86        0     1                 .L0 
80200f88 80200f88        0     1                 .L0 
80200f8a 80200f8a        0     1                 .L0 
80200f8e 80200f8e        0     1                 .L0 
80200f90 80200f90        0     1                 .L0 
80200f94 80200f94        0     1                 .L0 
80200f96 80200f96        0     1                 .L0 
80200f98 80200f98        0     1                 .L0 
80200f9a 80200f9a        0     1                 .L0 
80200f9e 80200f9e        0     1                 .L0 
80200fa2 80200fa2        0     1                 .L0 
80200fa2 80200fa2        0     1                 .L0 
80200fa2 80200fa2        0     1                 .L0 
80200fa8 80200fa8        0     1                 .L0 
80200fa8 80200fa8        0     1                 .L0 
80200fa8 80200fa8        0     1                 .L0 
80200fb4 80200fb4        0     1                 .L0 
80200fb4 80200fb4        0     1                 .L0 
80200fb8 80200fb8        0     1                 .L0 
80200fb8 80200fb8        0     1                 .L0 
80200fba 80200fba        0     1                 .L0 
80200fc0 80200fc0        0     1                 .L0 
80200fc0 80200fc0        0     1                 .L0 
80200fc2 80200fc2        0     1                 .L0 
80200fc2 80200fc2        0     1                 .L0 
80200fc4 80200fc4        0     1                 .L0 
80200fc4 80200fc4        0     1                 .L0 
80200fc4 80200fc4        0     1                 .L0 
80200fc6 80200fc6        0     1                 .L0 
80200fc8 80200fc8        0     1                 .L0 
80200fca 80200fca        0     1                 .L0 
80200fce 80200fce        0     1                 .L0 
80200fd2 80200fd2        0     1                 .L0 
80200fd6 80200fd6        0     1                 .L0 
80200fd6 80200fd6        0     1                 .L0 
80200fda 80200fda        0     1                 .L0 
80200fda 80200fda        0     1                 .L0 
80200fdc 80200fdc        0     1                 .L0 
80200fe0 80200fe0        0     1                 .L0 
80200fe6 80200fe6        0     1                 .L0 
80200fe8 80200fe8        0     1                 .L0 
80200fea 80200fea        0     1                 .L0 
80200fec 80200fec        0     1                 .L0 
80200fee 80200fee        0     1                 .L0 
80200ff0 80200ff0        0     1                 .L0 
80200ff0 80200ff0        0     1                 .L0 
80200ff0 80200ff0        0     1                 .L0 
80200ff4 80200ff4        0     1                 .L0 
80200ff6 80200ff6        0     1                 .L0 
80200ff8 80200ff8        0     1                 .L0 
80200ff8 80200ff8        0     1                 .L0 
80201004 80201004        0     1                 .L0 
80201004 80201004        0     1                 .L0 
80201006 80201006        0     1                 .L0 
80201006 80201006        0     1                 .L0 
80201006 80201006        0     1                 .L0 
80201014 80201014        0     1                 .L0 
80201014 80201014        0     1                 .L0 
80201018 80201018        0     1                 .L0 
8020101a 8020101a        0     1                 .L0 
80201020 80201020        0     1                 .L0 
80201020 80201020        0     1                 .L0 
80201020 80201020        0     1                 .L0 
80201022 80201022        0     1                 .L0 
80201024 80201024        0     1                 .L0 
80201028 80201028        0     1                 .L0 
80201028 80201028        0     1                 .L0 
8020103a 8020103a        0     1                 .L0 
8020103c 8020103c        0     1                 .L0 
8020103c 8020103c        0     1                 .L0 
80201040 80201040        0     1                 .L0 
80201040 80201040        0     1                 .L0 
80201040 80201040        0     1                 .L0 
80201046 80201046        0     1                 .L0 
80201046 80201046        0     1                 .L0 
80201046 80201046        0     1                 .L0 
80201052 80201052        0     1                 .L0 
80201052 80201052        0     1                 .L0 
80201056 80201056        0     1                 .L0 
80201056 80201056        0     1                 .L0 
8020105c 8020105c        0     1                 .L0 
80201060 80201060        0     1                 .L0 
80201062 80201062        0     1                 .L0 
80201062 80201062        0     1                 .L0 
80201062 80201062        0     1                 .L0 
80201066 80201066        0     1                 .L0 
80201066 80201066        0     1                 .L0 
8020106c 8020106c        0     1                 .L0 
80201070 80201070        0     1                 .L0 
80201072 80201072        0     1                 .L0 
80201072 80201072        0     1                 .L0 
80201072 80201072        0     1                 .L0 
80201074 80201074        0     1                 .L0 
80201074 80201074        0     1                 .L0 
8020107a 8020107a        0     1                 .L0 
8020107e 8020107e        0     1                 .L0 
80201080 80201080        0     1                 .L0 
80201080 80201080        0     1                 .L0 
80201080 80201080        0     1                 .L0 
8020108c 8020108c        0     1                 .L0 
8020108c 8020108c        0     1                 .L0 
80201090 80201090        0     1                 .L0 
80201092 80201092        0     1                 .L0 
80201098 80201098        0     1                 .L0 
80201098 80201098        0     1                 .L0 
80201098 80201098        0     1                 .L0 
8020109a 8020109a        0     1                 .L0 
8020109c 8020109c        0     1                 .L0 
802010a0 802010a0        0     1                 .L0 
802010a0 802010a0        0     1                 .L0 
802010b2 802010b2        0     1                 .L0 
802010b4 802010b4        0     1                 .L0 
802010b4 802010b4        0     1                 .L0 
802010b8 802010b8        0     1                 .L0 
802010b8 802010b8        0     1                 .L0 
802010b8 802010b8        0     1                 .L0 
802010ba 802010ba        0     1                 .L0 
802010ba 802010ba        0     1                 .L0 
802010bc 802010bc        0     1                 .L0 
802010bc 802010bc        0     1                 .L0 
802010bc 802010bc        0     1                 .L0 
802010be 802010be        0     1                 .L0 
802010c0 802010c0        0     1                 .L0 
802010c2 802010c2        0     1                 .L0 
802010c4 802010c4        0     1                 .L0 
802010c6 802010c6        0     1                 .L0 
802010c8 802010c8        0     1                 .L0 
802010ca 802010ca        0     1                 .L0 
802010ce 802010ce        0     1                 .L0 
802010d0 802010d0        0     1                 .L0 
802010d4 802010d4        0     1                 .L0 
802010d6 802010d6        0     1                 .L0 
802010d8 802010d8        0     1                 .L0 
802010da 802010da        0     1                 .L0 
802010de 802010de        0     1                 .L0 
802010e2 802010e2        0     1                 .L0 
802010e2 802010e2        0     1                 .L0 
802010e2 802010e2        0     1                 .L0 
802010e4 802010e4        0     1                 .L0 
802010e4 802010e4        0     1                 .L0 
802010e6 802010e6        0     1                 .L0 
802010e6 802010e6        0     1                 .L0 
802010e6 802010e6        0     1                 .L0 
802010e8 802010e8        0     1                 .L0 
802010ea 802010ea        0     1                 .L0 
802010ec 802010ec        0     1                 .L0 
802010ee 802010ee        0     1                 .L0 
802010f0 802010f0        0     1                 .L0 
802010f2 802010f2        0     1                 .L0 
802010f4 802010f4        0     1                 .L0 
802010f8 802010f8        0     1                 .L0 
802010fa 802010fa        0     1                 .L0 
802010fe 802010fe        0     1                 .L0 
80201100 80201100        0     1                 .L0 
80201102 80201102        0     1                 .L0 
80201104 80201104        0     1                 .L0 
80201108 80201108        0     1                 .L0 
8020110c 8020110c        0     1                 .L0 
8020110c 8020110c        0     1                 .L0 
8020110c 8020110c        0     1                 .L0 
8020110e 8020110e        0     1                 .L0 
8020110e 8020110e        0     1                 .L0 
80201110 80201110        0     1                 .L0 
80201110 80201110        0     1                 .L0 
80201110 80201110        0     1                 .L0 
80201112 80201112        0     1                 .L0 
80201114 80201114        0     1                 .L0 
80201116 80201116        0     1                 .L0 
80201118 80201118        0     1                 .L0 
8020111a 8020111a        0     1                 .L0 
8020111c 8020111c        0     1                 .L0 
8020111e 8020111e        0     1                 .L0 
80201122 80201122        0     1                 .L0 
80201124 80201124        0     1                 .L0 
80201128 80201128        0     1                 .L0 
8020112a 8020112a        0     1                 .L0 
8020112c 8020112c        0     1                 .L0 
8020112e 8020112e        0     1                 .L0 
80201132 80201132        0     1                 .L0 
80201136 80201136        0     1                 .L0 
80201136 80201136        0     1                 .L0 
80201136 80201136        0     1                 .L0 
8020113c 8020113c        0     1                 .L0 
8020113c 8020113c        0     1                 .L0 
8020113c 8020113c        0     1                 .L0 
80201144 80201144        0     1                 .L0 
80201148 80201148        0     1                 .L0 
8020114c 8020114c        0     1                 .L0 
80201150 80201150        0     1                 .L0 
80201150 80201150        0     1                 .L0 
80201152 80201152        0     1                 .L0 
80201156 80201156        0     1                 .L0 
80201156 80201156        0     1                 .L0 
80201156 80201156        0     1                 .L0 
80201156 80201156        0     1                 .L0 
80201156 80201156        0     1                 .L0 
80201156 80201156        0     1                 .L0 
80201156 80201156       24     1                 strcmp
8020115a 8020115a        0     1                 .L0 
8020115c 8020115c        0     1                 .L0 
8020115e 8020115e        0     1                 .L0 
8020115e 8020115e        0     1                 .L0 
8020115e 8020115e        0     1                 .L0 
80201162 80201162        0     1                 .L0 
80201166 80201166        0     1                 .L0 
80201166 80201166        0     1                 .L0 
8020116a 8020116a        0     1                 .L0 
8020116c 8020116c        0     1                 .L0 
8020116e 8020116e        0     1                 .L0 
80201170 80201170        0     1                 .L0 
80201170 80201170        0     1                 .L0 
80201174 80201174        0     1                 .L0 
80201178 80201178        0     1                 .L0 
8020117a 8020117a        0     1                 .L0 
8020117a 8020117a        0     1                 .L0 
8020117a 8020117a        0     1                 .L0 
8020117a 8020117a        0     1                 .L0 
8020117a 8020117a        0     1                 .L0 
8020117a 8020117a       1a     1                 strlen
8020117c 8020117c        0     1                 .L0 
8020117c 8020117c        0     1                 .L0 
80201180 80201180        0     1                 .L0 
80201182 80201182        0     1                 .L0 
80201184 80201184        0     1                 .L0 
80201186 80201186        0     1                 .L0 
80201186 80201186        0     1                 .L0 
80201186 80201186        0     1                 .L0 
8020118a 8020118a        0     1                 .L0 
8020118e 8020118e        0     1                 .L0 
80201190 80201190        0     1                 .L0 
80201190 80201190        0     1                 .L0 
80201192 80201192        0     1                 .L0 
80201192 80201192        0     1                 .L0 
80201192 80201192        0     1                 .L0 
80201194 80201194        0     1                 .L0 
80201194 80201194        0     1                 .L0 
80201194 80201194        0     1                 .L0 
80201194 80201194        0     1                 .L0 
80201194 80201194        0     1                 .L0 
80201194 80201194       26     1                 strcpy
80201198 80201198        0     1                 .L0 
8020119c 8020119c        0     1                 .L0 
8020119c 8020119c        0     1                 .L0 
802011a0 802011a0        0     1                 .L0 
802011a4 802011a4        0     1                 .L0 
802011a8 802011a8        0     1                 .L0 
802011a8 802011a8        0     1                 .L0 
802011aa 802011aa        0     1                 .L0 
802011aa 802011aa        0     1                 .L0 
802011ac 802011ac        0     1                 .L0 
802011ae 802011ae        0     1                 .L0 
802011b2 802011b2        0     1                 .L0 
802011b4 802011b4        0     1                 .L0 
802011b4 802011b4        0     1                 .L0 
802011b4 802011b4        0     1                 .L0 
802011b8 802011b8        0     1                 .L0 
802011ba 802011ba        0     1                 .L0 
802011ba 802011ba        0     1                 .L0 
802011ba 802011ba        0     1                 .L0 
802011ba 802011ba        0     1                 .L0 
802011ba 802011ba        0     1                 .L0 
802011ba 802011ba       3c     1                 fs_init
802011ce 802011ce        0     1                 .L0 
802011ce 802011ce        0     1                 .L0 
802011ce 802011ce        0     1                 .L0 
802011d2 802011d2        0     1                 .L0 
802011d6 802011d6        0     1                 .L0 
802011da 802011da        0     1                 .L0 
802011de 802011de        0     1                 .L0 
802011e2 802011e2        0     1                 .L0 
802011e2 802011e2        0     1                 .L0 
802011ee 802011ee        0     1                 .L0 
802011f2 802011f2        0     1                 .L0 
802011f2 802011f2        0     1                 .L0 
802011f6 802011f6        0     1                 .L0 
802011f6 802011f6        0     1                 .L0 
802011f6 802011f6        0     1                 .L0 
802011f6 802011f6        0     1                 .L0 
802011f6 802011f6        0     1                 .L0 
802011f6 802011f6      184     1                 fs_create
80201202 80201202        0     1                 .L0 
80201206 80201206        0     1                 .L0 
8020120a 8020120a        0     1                 .L0 
8020120e 8020120e        0     1                 .L0 
8020121a 8020121a        0     1                 .L0 
8020121a 8020121a        0     1                 .L0 
8020121c 8020121c        0     1                 .L0 
8020121c 8020121c        0     1                 .L0 
80201234 80201234        0     1                 .L0 
80201236 80201236        0     1                 .L0 
80201236 80201236        0     1                 .L0 
80201236 80201236        0     1                 .L0 
8020123a 8020123a        0     1                 .L0 
8020123a 8020123a        0     1                 .L0 
8020123e 8020123e        0     1                 .L0 
8020123e 8020123e        0     1                 .L0 
80201240 80201240        0     1                 .L0 
80201248 80201248        0     1                 .L0 
80201248 80201248        0     1                 .L0 
8020124e 8020124e        0     1                 .L0 
80201250 80201250        0     1                 .L0 
80201252 80201252        0     1                 .L0 
80201252 80201252        0     1                 .L0 
80201256 80201256        0     1                 .L0 
80201258 80201258        0     1                 .L0 
8020125c 8020125c        0     1                 .L0 
8020125c 8020125c        0     1                 .L0 
8020125c 8020125c        0     1                 .L0 
80201260 80201260        0     1                 .L0 
80201264 80201264        0     1                 .L0 
80201268 80201268        0     1                 .L0 
8020126a 8020126a        0     1                 .L0 
[...]
80202a04 80202a04        0     1                 .L0 
80202a08 80202a08        0     1                 .L0 
80202a0c 80202a0c        0     1                 .L0 
80202a0c 80202a0c        0     1                 .L0 
80202a10 80202a10        0     1                 .L0 
80202a10 80202a10        0     1                 .L0 
80202a14 80202a14        0     1                 .L0 
80202a18 80202a18        0     1                 .L0 
80202a1c 80202a1c        0     1                 .L0 
80202a20 80202a20        0     1                 .L0 
80202a26 80202a26        0     1                 .L0 
80202a26 80202a26        0     1                 .L0 
80202a38 80202a38        0     1                 .L0 
80202a38 80202a38        0     1                 .L0 
80202a40 80202a40        0     1                 .L0 
80202a48 80202a48        0     1                 .L0 
80202a48 80202a48        0     1                 .L0 
80202a5a 80202a5a        0     1                 .L0 
80202a5a 80202a5a        0     1                 .L0 
80202a62 80202a62        0     1                 .L0 
80202a6c 80202a6c        0     1                 .L0 
80202a6c 80202a6c        0     1                 .L0 
80202a76 80202a76        0     1                 .L0 
80202a76 80202a76        0     1                 .L0 
80202a78 80202a78        0     1                 .L0 
80202a78 80202a78        0     1                 .L0 
80202a82 80202a82        0     1                 .L0 
80202a82 80202a82        0     1                 .L0 
80202a8c 80202a8c        0     1                 .L0 
80202a8c 80202a8c        0     1                 .L0 
80202a96 80202a96        0     1                 .L0 
80202a9e 80202a9e        0     1                 .L0 
80202a9e 80202a9e        0     1                 .L0 
80202aa2 80202aa2        0     1                 .L0 
80202aa4 80202aa4        0     1                 .L0 
80202aa8 80202aa8        0     1                 .L0 
80202aa8 80202aa8        0     1                 .L0 
80202ab2 80202ab2        0     1                 .L0 
80202ab2 80202ab2        0     1                 .L0 
80202abc 80202abc        0     1                 .L0 
80202abc 80202abc        0     1                 .L0 
80202ae6 80202ae6        0     1                 .L0 
80202ae6 80202ae6        0     1                 .L0 
80202ae6 80202ae6        0     1                 .L0 
80202ae8 80202ae8        0     1                 .L0 
80202aec 80202aec        0     1                 .L0 
80202aec 80202aec        0     1                 .L0 
80202af6 80202af6        0     1                 .L0 
80202afc 80202afc        0     1                 .L0 
80202afc 80202afc        0     1                 .L0 
80202b02 80202b02        0     1                 .L0 
80202b02 80202b02        0     1                 .L0 
80202b06 80202b06        0     1                 .L0 
80202b06 80202b06        0     1                 .L0 
80202b08 80202b08        0     1                 .L0 
80202b0e 80202b0e        0     1                 .L0 
80202b0e 80202b0e        0     1                 .L0 
80202b14 80202b14        0     1                 .L0 
80202b16 80202b16        0     1                 .L0 
80202b1c 80202b1c        0     1                 .L0 
80202b1c 80202b1c        0     1                 .L0 
80202b1c 80202b1c        0     1                 .L0 
80202b26 80202b26        0     1                 .L0 
80202b26 80202b26        0     1                 .L0 
80202b30 80202b30        0     1                 .L0 
80202b30 80202b30        0     1                 .L0 
80202b3a 80202b3a        0     1                 .L0 
80202b3a 80202b3a        0     1                 .L0 
80202b44 80202b44        0     1                 .L0 
80202b44 80202b44        0     1                 .L0 
80202b4e 80202b4e        0     1                 .L0 
80202b4e 80202b4e        0     1                 .L0 
80202b58 80202b58        0     1                 .L0 
80202b58 80202b58        0     1                 .L0 
80202b62 80202b62        0     1                 .L0 
80202b66 80202b66        0     1                 .L0 
80202b66 80202b66        0     1                 .L0 
80202b6a 80202b6a        0     1                 .L0 
80202b6c 80202b6c        0     1                 .L0 
80202b70 80202b70        0     1                 .L0 
80202b70 80202b70        0     1                 .L0 
80202b74 80202b74        0     1                 .L0 
80202b74 80202b74        0     1                 .L0 
80202b7e 80202b7e        0     1                 .L0 
80202b7e 80202b7e        0     1                 .L0 
80202b7e 80202b7e        0     1                 .L0 
80202b82 80202b82        0     1                 .L0 
80202b84 80202b84        0     1                 .L0 
80202b84 80202b84        0     1                 .L0 
80202b84 80202b84      1d6     2         /var/folders/y1/v4kxn_zn7sxbdj8x6p6hsc280000gn/T/common-78215a.o:(.text)
80202b84 80202b84        0     1                 .L0 
80202b84 80202b84        0     1                 .L0 
80202b84 80202b84        0     1                 $x
80202b84 80202b84        0     1                 .L0 
80202b84 80202b84      1be     1                 printf
80202ba0 80202ba0        0     1                 .L0 
80202bca 80202bca        0     1                 .L0 
80202bda 80202bda        0     1                 .L0 
80202bda 80202bda        0     1                 .L0 
80202bde 80202bde        0     1                 .L0 
80202bde 80202bde        0     1                 .L0 
80202be0 80202be0        0     1                 .L0 
80202be0 80202be0        0     1                 .L0 
80202be4 80202be4        0     1                 .L0 
80202bec 80202bec        0     1                 .L0 
80202bec 80202bec        0     1                 .L0 
80202bf0 80202bf0        0     1                 .L0 
80202bf0 80202bf0        0     1                 .L0 
80202bf2 80202bf2        0     1                 .L0 
80202bf4 80202bf4        0     1                 .L0 
80202bf4 80202bf4        0     1                 .L0 
80202bf8 80202bf8        0     1                 .L0 
80202bfa 80202bfa        0     1                 .L0 
80202c0a 80202c0a        0     1                 .L0 
80202c0a 80202c0a        0     1                 .L0 
80202c16 80202c16        0     1                 .L0 
80202c16 80202c16        0     1                 .L0 
80202c1a 80202c1a        0     1                 .L0 
80202c1a 80202c1a        0     1                 .L0 
80202c1c 80202c1c        0     1                 .L0 
80202c22 80202c22        0     1                 .L0 
80202c22 80202c22        0     1                 .L0 
80202c22 80202c22        0     1                 .L0 
80202c2a 80202c2a        0     1                 .L0 
80202c2a 80202c2a        0     1                 .L0 
80202c34 80202c34        0     1                 .L0 
80202c34 80202c34        0     1                 .L0 
80202c38 80202c38        0     1                 .L0 
80202c38 80202c38        0     1                 .L0 
80202c3a 80202c3a        0     1                 .L0 
80202c3e 80202c3e        0     1                 .L0 
80202c42 80202c42        0     1                 .L0 
80202c42 80202c42        0     1                 .L0 
80202c48 80202c48        0     1                 .L0 
80202c48 80202c48        0     1                 .L0 
80202c4a 80202c4a        0     1                 .L0 
80202c4e 80202c4e        0     1                 .L0 
80202c52 80202c52        0     1                 .L0 
80202c52 80202c52        0     1                 .L0 
80202c58 80202c58        0     1                 .L0 
80202c58 80202c58        0     1                 .L0 
80202c5a 80202c5a        0     1                 .L0 
80202c5e 80202c5e        0     1                 .L0 
80202c62 80202c62        0     1                 .L0 
80202c62 80202c62        0     1                 .L0 
80202c68 80202c68        0     1                 .L0 
80202c68 80202c68        0     1                 .L0 
80202c6a 80202c6a        0     1                 .L0 
80202c6e 80202c6e        0     1                 .L0 
80202c72 80202c72        0     1                 .L0 
80202c72 80202c72        0     1                 .L0 
80202c78 80202c78        0     1                 .L0 
80202c78 80202c78        0     1                 .L0 
80202c7a 80202c7a        0     1                 .L0 
80202c7e 80202c7e        0     1                 .L0 
80202c82 80202c82        0     1                 .L0 
80202c82 80202c82        0     1                 .L0 
80202c88 80202c88        0     1                 .L0 
80202c88 80202c88        0     1                 .L0 
80202c8a 80202c8a        0     1                 .L0 
80202c8e 80202c8e        0     1                 .L0 
80202c92 80202c92        0     1                 .L0 
80202c92 80202c92        0     1                 .L0 
80202c98 80202c98        0     1                 .L0 
80202c98 80202c98        0     1                 .L0 
80202c9a 80202c9a        0     1                 .L0 
80202c9e 80202c9e        0     1                 .L0 
80202ca2 80202ca2        0     1                 .L0 
80202ca2 80202ca2        0     1                 .L0 
80202ca4 80202ca4        0     1                 .L0 
80202ca4 80202ca4        0     1                 .L0 
80202ca6 80202ca6        0     1                 .L0 
80202caa 80202caa        0     1                 .L0 
80202caa 80202caa        0     1                 .L0 
80202cae 80202cae        0     1                 .L0 
80202cae 80202cae        0     1                 .L0 
80202cb0 80202cb0        0     1                 .L0 
80202cb2 80202cb2        0     1                 .L0 
80202cb2 80202cb2        0     1                 .L0 
80202cb2 80202cb2        0     1                 .L0 
80202cbc 80202cbc        0     1                 .L0 
80202cbc 80202cbc        0     1                 .L0 
80202cc0 80202cc0        0     1                 .L0 
80202cc6 80202cc6        0     1                 .L0 
80202cc6 80202cc6        0     1                 .L0 
80202cc6 80202cc6        0     1                 .L0 
80202cce 80202cce        0     1                 .L0 
80202cce 80202cce        0     1                 .L0 
80202cd2 80202cd2        0     1                 .L0 
80202cd4 80202cd4        0     1                 .L0 
80202cd8 80202cd8        0     1                 .L0 
80202cd8 80202cd8        0     1                 .L0 
80202cd8 80202cd8        0     1                 .L0 
80202ce0 80202ce0        0     1                 .L0 
80202ce0 80202ce0        0     1                 .L0 
80202ce4 80202ce4        0     1                 .L0 
80202ce4 80202ce4        0     1                 .L0 
80202ce6 80202ce6        0     1                 .L0 
80202cea 80202cea        0     1                 .L0 
80202cea 80202cea        0     1                 .L0 
80202cea 80202cea        0     1                 .L0 
80202cee 80202cee        0     1                 .L0 
80202cf2 80202cf2        0     1                 .L0 
80202cf6 80202cf6        0     1                 .L0 
80202cf6 80202cf6        0     1                 .L0 
80202cf6 80202cf6        0     1                 .L0 
80202cf8 80202cf8        0     1                 .L0 
80202cf8 80202cf8        0     1                 .L0 
80202cfc 80202cfc        0     1                 .L0 
80202d00 80202d00        0     1                 .L0 
80202d08 80202d08        0     1                 .L0 
80202d08 80202d08        0     1                 .L0 
80202d10 80202d10        0     1                 .L0 
80202d16 80202d16        0     1                 .L0 
80202d16 80202d16        0     1                 .L0 
80202d1c 80202d1c        0     1                 .L0 
80202d1c 80202d1c        0     1                 .L0 
80202d1c 80202d1c        0     1                 .L0 
80202d24 80202d24        0     1                 .L0 
80202d24 80202d24        0     1                 .L0 
80202d24 80202d24        0     1                 .L0 
80202d28 80202d28        0     1                 .L0 
80202d3e 80202d3e        0     1                 .L0 
80202d42 80202d42        0     1                 .L0 
80202d42 80202d42        0     1                 .L0 
80202d42 80202d42        0     1                 .L0 
80202d42 80202d42        0     1                 .L0 
80202d42 80202d42        0     1                 .L0 
80202d42 80202d42       16     1                 memset
80202d46 80202d46        0     1                 .L0 
80202d46 80202d46        0     1                 .L0 
80202d48 80202d48        0     1                 .L0 
80202d48 80202d48        0     1                 .L0 
80202d48 80202d48        0     1                 .L0 
80202d4c 80202d4c        0     1                 .L0 
80202d4c 80202d4c        0     1                 .L0 
80202d52 80202d52        0     1                 .L0 
80202d52 80202d52        0     1                 .L0 
80202d56 80202d56        0     1                 .L0 
80202d56 80202d56        0     1                 .L0 
80202d56 80202d56        0     1                 .L0 
80202d58 80202d58        0     1                 .L0 
80202d58 80202d58        0     1                 .L0 
80202d58 80202d58        0     1                 .L0 
80202d58 80202d58        0     1                 .L0 
80202d58 80202d58        0     1                 .L0 
80202d58 80202d58        2     1                 handle_syscall
80202d5a 80202d5a        0     1                 .L0 
80202d5c 80202d5c      d20     4 .rodata
80202d5c 80202d5c      cf7     1         <internal>:(.rodata.str1.1)
80203a54 80203a54       28     4         /var/folders/y1/v4kxn_zn7sxbdj8x6p6hsc280000gn/T/kernel-77e641.o:(.rodata)
80203a54 80203a54       28     1                 .L__const.kernel_main.demo_commands
80203a54 80203a54        0     1                 $d
80203a7c 80203a7c        4     4 .data
80203a7c 80203a7c        4     4         /var/folders/y1/v4kxn_zn7sxbdj8x6p6hsc280000gn/T/kernel-77e641.o:(.data)
80203a7c 80203a7c        4     1                 alloc_pages.next_paddr
80203a7c 80203a7c        0     1                 $d
80203a80 80203a80   110d44     4 .bss
80203a80 80203a80        0     1         bss = .
80203a80 80203a80   110d44     4         /var/folders/y1/v4kxn_zn7sxbdj8x6p6hsc280000gn/T/kernel-77e641.o:(.bss)
80203a80 80203a80        0     1                 $d
80203a80 80203a80        4     1                 current_proc
80203a84 80203a84    100a0     1                 processes
80213b24 80213b24   100000     1                 heap
80313b24 80313b24      984     1                 fs
803144a8 803144a8      31c     1                 .L_MergedGlobals
803144a8 803144a8        1     1                 getchar_blocking.first_time
803144ac 803144ac        4     1                 free_list
803144b0 803144b0      100     1                 shell_tokenize.token_buffer
803145b0 803145b0      108     1                 shell
803146b8 803146b8      10c     1                 input_buf
803147c4 803147c4        0     1         bss_end = .
803147c4 803147c4        c     1 . = ALIGN(16)
803147d0 803147d0        0     1 __stack_top = . + 0x10000
803147d0 803147d0      830     1 . = ALIGN(4096)
80315000 80315000        0     1 __free_ram = .
80315000 80315000  4000000     1 . += 64 * 1024 * 1024
84315000 84315000        0     1 __free_ram_end = .
       0        0     1d02     1 .debug_loclists
       0        0     1bac     1         /var/folders/y1/v4kxn_zn7sxbdj8x6p6hsc280000gn/T/kernel-77e641.o:(.debug_loclists)
       0        0        0     1                 $d
       c        c        0     1                 .L0 
    1bac     1bac      156     1         /var/folders/y1/v4kxn_zn7sxbdj8x6p6hsc280000gn/T/common-78215a.o:(.debug_loclists)
    1bac     1bac        0     1                 $d
    1bb8     1bb8        0     1                 .L0 
       0        0      519     1 .debug_abbrev
       0        0      3d5     1         /var/folders/y1/v4kxn_zn7sxbdj8x6p6hsc280000gn/T/kernel-77e641.o:(.debug_abbrev)
       0        0        0     1                 $d
     3d5      3d5      144     1         /var/folders/y1/v4kxn_zn7sxbdj8x6p6hsc280000gn/T/common-78215a.o:(.debug_abbrev)
     3d5      3d5        0     1                 $d
       0        0     2eef     1 .debug_info
       0        0     2c29     1         /var/folders/y1/v4kxn_zn7sxbdj8x6p6hsc280000gn/T/kernel-77e641.o:(.debug_info)
       0        0        0     1                 $d
    2c29     2c29      2c6     1         /var/folders/y1/v4kxn_zn7sxbdj8x6p6hsc280000gn/T/common-78215a.o:(.debug_info)
    2c29     2c29        0     1                 $d
       0        0      426     1 .debug_rnglists
       0        0      40b     1         /var/folders/y1/v4kxn_zn7sxbdj8x6p6hsc280000gn/T/kernel-77e641.o:(.debug_rnglists)
       0        0        0     1                 $d
       c        c        0     1                 .L0 
     40b      40b       1b     1         /var/folders/y1/v4kxn_zn7sxbdj8x6p6hsc280000gn/T/common-78215a.o:(.debug_rnglists)
     40b      40b        0     1                 $d
     417      417        0     1                 .L0 
       0        0      454     1 .debug_str_offsets
       0        0      35c     1         /var/folders/y1/v4kxn_zn7sxbdj8x6p6hsc280000gn/T/kernel-77e641.o:(.debug_str_offsets)
       0        0        0     1                 $d
       8        8        0     1                 .L0 
     35c      35c       f8     1         /var/folders/y1/v4kxn_zn7sxbdj8x6p6hsc280000gn/T/common-78215a.o:(.debug_str_offsets)
     35c      35c        0     1                 $d
     364      364        0     1                 .L0 
       0        0      77c     1 .debug_str
       0        0      77c     1         <internal>:(.debug_str)
       0        0      808     1 .debug_addr
       0        0      7b0     1         /var/folders/y1/v4kxn_zn7sxbdj8x6p6hsc280000gn/T/kernel-77e641.o:(.debug_addr)
       0        0        0     1                 $d
       8        8        0     1                 .L0 
     7b0      7b0       58     1         /var/folders/y1/v4kxn_zn7sxbdj8x6p6hsc280000gn/T/common-78215a.o:(.debug_addr)
     7b0      7b0        0     1                 $d
     7b8      7b8        0     1                 .L0 
       0        0       3b     1 .comment
       0        0       3b     1         <internal>:(.comment)
       0        0       47     1 .riscv.attributes
       0        0       47     1         <internal>:(.riscv.attributes)
       0        0      7a8     4 .debug_frame
       0        0      730     4         /var/folders/y1/v4kxn_zn7sxbdj8x6p6hsc280000gn/T/kernel-77e641.o:(.debug_frame)
       0        0        0     1                 .L0 
       0        0        0     1                 $d
     730      730       78     4         /var/folders/y1/v4kxn_zn7sxbdj8x6p6hsc280000gn/T/common-78215a.o:(.debug_frame)
     730      730        0     1                 .L0 
     730      730        0     1                 $d
       0        0     3fc7     1 .debug_line
       0        0     3d01     1         /var/folders/y1/v4kxn_zn7sxbdj8x6p6hsc280000gn/T/kernel-77e641.o:(.debug_line)
       0        0        0     1                 .Lline_table_start0
       0        0        0     1                 $d
    3d01     3d01      2c6     1         /var/folders/y1/v4kxn_zn7sxbdj8x6p6hsc280000gn/T/common-78215a.o:(.debug_line)
    3d01     3d01        0     1                 .Lline_table_start0
    3d01     3d01        0     1                 $d
       0        0       4b     1 .debug_line_str
       0        0       4b     1         <internal>:(.debug_line_str)
       0        0      730     4 .symtab
       0        0      730     4         <internal>:(.symtab)
       0        0       dc     1 .shstrtab
       0        0       dc     1         <internal>:(.shstrtab)
       0        0      450     1 .strtab
       0        0      450     1         <internal>:(.strtab)
